{"stage": "installed", "val": {"mse": 0.035328, "sign": 0.7118, "calib": 0.5916}, "pairs": 243281, "val_pairs": 22491, "calib_rows": 17694}
{"stage": "grid", "mu": 0.03, "l2": 0.0001, "start": "zero", "intercept": -0.4573, "mse": 0.034148, "sign": 0.7239, "calib": 0.5942}
{"stage": "grid", "mu": 0.03, "l2": 0.001, "start": "zero", "intercept": -0.3716, "mse": 0.034688, "sign": 0.7163, "calib": 0.6099}
{"stage": "grid", "mu": 0.03, "l2": 0.0001, "start": "installed", "intercept": -0.4574, "mse": 0.034145, "sign": 0.7236, "calib": 0.5942}
{"stage": "grid", "mu": 0.03, "l2": 0.001, "start": "installed", "intercept": -0.3712, "mse": 0.034704, "sign": 0.7156, "calib": 0.6101}
{"stage": "grid", "mu": 0.03, "l2": 0.01, "start": "installed", "intercept": -0.2604, "mse": 0.03684, "sign": 0.6529, "calib": 0.6386}
{"stage": "grid", "mu": 0.1, "l2": 0.0001, "start": "zero", "intercept": -0.4696, "mse": 0.0345, "sign": 0.7199, "calib": 0.5953}
{"stage": "grid", "mu": 0.03, "l2": 0.01, "start": "zero", "intercept": -0.2598, "mse": 0.036849, "sign": 0.6547, "calib": 0.6388}
{"stage": "grid", "mu": 0.1, "l2": 0.0001, "start": "installed", "intercept": -0.4698, "mse": 0.03447, "sign": 0.7189, "calib": 0.5952}
{"stage": "grid", "mu": 0.1, "l2": 0.001, "start": "zero", "intercept": -0.3913, "mse": 0.034724, "sign": 0.7166, "calib": 0.6043}
{"stage": "grid", "mu": 0.1, "l2": 0.001, "start": "installed", "intercept": -0.3944, "mse": 0.034731, "sign": 0.7137, "calib": 0.6048}
{"stage": "grid", "mu": 0.1, "l2": 0.01, "start": "zero", "intercept": -0.2723, "mse": 0.036618, "sign": 0.6524, "calib": 0.6315}
{"stage": "grid", "mu": 0.1, "l2": 0.01, "start": "installed", "intercept": -0.2733, "mse": 0.03664, "sign": 0.651, "calib": 0.6324}
{"stage": "grid", "mu": 0.3, "l2": 0.0001, "start": "zero", "intercept": -0.4977, "mse": 0.035357, "sign": 0.7066, "calib": 0.5978}
{"stage": "grid", "mu": 0.3, "l2": 0.001, "start": "zero", "intercept": -0.4353, "mse": 0.035285, "sign": 0.7007, "calib": 0.6}
{"stage": "grid", "mu": 0.3, "l2": 0.0001, "start": "installed", "intercept": -0.4974, "mse": 0.035352, "sign": 0.7066, "calib": 0.5978}
{"stage": "grid", "mu": 0.3, "l2": 0.001, "start": "installed", "intercept": -0.4353, "mse": 0.035285, "sign": 0.7007, "calib": 0.6}
{"stage": "grid", "mu": 0.3, "l2": 0.01, "start": "zero", "intercept": -0.3181, "mse": 0.03656, "sign": 0.6453, "calib": 0.6218}
{"stage": "grid", "mu": 1.0, "l2": 0.0001, "start": "zero", "intercept": -0.5428, "mse": 0.037205, "sign": 0.6671, "calib": 0.6023}
{"stage": "grid", "mu": 0.3, "l2": 0.01, "start": "installed", "intercept": -0.3181, "mse": 0.036559, "sign": 0.6453, "calib": 0.6218}
{"stage": "grid", "mu": 1.0, "l2": 0.0001, "start": "installed", "intercept": -0.5428, "mse": 0.037205, "sign": 0.6671, "calib": 0.6023}
{"stage": "grid", "mu": 1.0, "l2": 0.001, "start": "zero", "intercept": -0.4945, "mse": 0.036956, "sign": 0.6717, "calib": 0.6004}
{"stage": "grid", "mu": 1.0, "l2": 0.001, "start": "installed", "intercept": -0.4946, "mse": 0.036956, "sign": 0.6717, "calib": 0.6004}
{"stage": "grid", "mu": 1.0, "l2": 0.01, "start": "zero", "intercept": -0.391, "mse": 0.037207, "sign": 0.6328, "calib": 0.6102}
{"stage": "grid", "mu": 1.0, "l2": 0.01, "start": "installed", "intercept": -0.3916, "mse": 0.037208, "sign": 0.6304, "calib": 0.6103}
{"stage": "chosen", "mu": 0.03, "l2": 0.0001, "start": "installed", "intercept": -0.4574, "mse": 0.034145, "sign": 0.7236, "calib": 0.5942, "rule": "least held-out contrast MSE among settings whose held-out calibration log loss is within +0.005 of the installed model's"}
{"stage": "final", "val_3000": {"mse": 0.033694, "sign": 0.7244, "calib": 0.5933}, "val_6000": {"mse": 0.033658, "sign": 0.7228, "calib": 0.5933}, "train_3000": {"mse": 0.033482, "sign": 0.7219, "calib": 0.5963}, "train_installed": {"mse": 0.035048, "sign": 0.7121, "calib": 0.6019}, "max_coef_diff_3000_6000": 0.0019, "intercept": -0.4145, "intercept_installed": -0.0763}
{"stage": "by_kind", "keep": {"n": 16749, "contrast": 0.7199, "installed": 0.7074}, "noevo": {"n": 4014, "contrast": 0.7583, "installed": 0.7429}, "save": {"n": 1728, "contrast": 0.6819, "installed": 0.6764}}
{"stage": "flips", "flips": [{"feature": "op_followers", "contrast": -0.0346, "installed": 0.037}, {"feature": "op_life", "contrast": -0.0312, "installed": 0.0826}, {"feature": "op_evasive", "contrast": 0.0172, "installed": -0.072}, {"feature": "op_deck_low", "contrast": -0.0, "installed": 0.0676}, {"feature": "op_hand_body", "contrast": -0.1206, "installed": 0.0742}, {"feature": "op_pool_removal", "contrast": -0.0052, "installed": 0.0642}, {"feature": "op_pool_heal", "contrast": -0.0833, "installed": 0.0381}]}
{"stage": "bootstrap", "n": 30, "coefs": [{"feature": "op_max_pp", "std_coef": -1.2003, "per_unit": -0.4015, "lo": -0.423, "hi": -0.3741, "same_sign": 1.0}, {"feature": "me_max_pp", "std_coef": 1.0286, "per_unit": 0.3544, "lo": 0.337, "hi": 0.3719, "same_sign": 1.0}, {"feature": "me_hp_sqrt", "std_coef": 0.6139, "per_unit": 0.582, "lo": 0.4475, "hi": 0.6769, "same_sign": 1.0}, {"feature": "op_hp", "std_coef": -0.4985, "per_unit": -0.0837, "lo": -0.0989, "hi": -0.0713, "same_sign": 1.0}, {"feature": "op_sep", "std_coef": -0.4183, "per_unit": -0.5514, "lo": -0.6326, "hi": -0.4485, "same_sign": 1.0}, {"feature": "me_sep", "std_coef": 0.3786, "per_unit": 0.4823, "lo": 0.4337, "hi": 0.5095, "same_sign": 1.0}, {"feature": "me_atk", "std_coef": 0.3388, "per_unit": 0.0841, "lo": 0.0711, "hi": 0.1022, "same_sign": 1.0}, {"feature": "me_hp", "std_coef": 0.3187, "per_unit": 0.0536, "lo": 0.0373, "hi": 0.0739, "same_sign": 1.0}, {"feature": "op_atk", "std_coef": -0.3162, "per_unit": -0.118, "lo": -0.1397, "hi": -0.1009, "same_sign": 1.0}, {"feature": "op_hp_sqrt", "std_coef": -0.2777, "per_unit": -0.2644, "lo": -0.3374, "hi": -0.1803, "same_sign": 1.0}, {"feature": "op_rec_face", "std_coef": -0.2226, "per_unit": -0.2726, "lo": -0.3427, "hi": -0.2114, "same_sign": 1.0}, {"feature": "me_hand", "std_coef": 0.1898, "per_unit": 0.105, "lo": 0.0925, "hi": 0.1143, "same_sign": 1.0}, {"feature": "op_followers", "std_coef": -0.0346, "per_unit": -0.0521, "lo": -0.0803, "hi": -0.0134, "same_sign": 1.0}, {"feature": "op_life", "std_coef": -0.0312, "per_unit": -0.0147, "lo": -0.0371, "hi": 0.004, "same_sign": 0.867}, {"feature": "op_evasive", "std_coef": 0.0172, "per_unit": 0.1137, "lo": -0.0439, "hi": 0.3012, "same_sign": 0.867}, {"feature": "op_deck_low", "std_coef": -0.0, "per_unit": -0.0, "lo": -0.0, "hi": -0.0, "same_sign": 1.0}, {"feature": "op_hand_body", "std_coef": -0.1206, "per_unit": -0.0107, "lo": -0.0215, "hi": 0.0006, "same_sign": 0.967}, {"feature": "op_pool_removal", "std_coef": -0.0052, "per_unit": -0.002, "lo": -0.0387, "hi": 0.0336, "same_sign": 0.633}, {"feature": "op_pool_heal", "std_coef": -0.0833, "per_unit": -0.0308, "lo": -0.0645, "hi": 0.0055, "same_sign": 0.967}]}
