{
 "train": {
  "contrast_mse_w": 0.008697,
  "sign_w": 0.7645,
  "sign_w_vs_original_labels": 0.74,
  "calib_logloss": 0.5947
 },
 "intercept": -0.3176,
 "seconds": 240,
 "prices": {
  "half0": {
   "G": {
    "ep": -1.1872,
    "sep": -0.6058,
    "max_pp": 12.271,
    "pp_left": -0.6687,
    "hand": 3.956,
    "enemy_hp": -2.2458,
    "own_hp": 1.9339,
    "own_followers": 0.049,
    "own_stats": 0.764,
    "enemy_followers": -12.6506,
    "enemy_stats": 0.1762,
    "own_amulets": 0.0,
    "enemy_amulets": 0.0
   },
   "T": {
    "ep": -0.4779,
    "sep": 1.7619,
    "max_pp": 6.6294,
    "pp_left": -0.8457,
    "hand": 2.2092,
    "enemy_hp": -2.3607,
    "own_hp": 0.6679,
    "own_followers": -0.9318,
    "own_stats": 0.9066,
    "enemy_followers": -7.4359,
    "enemy_stats": -0.0432,
    "own_amulets": 0.0,
    "enemy_amulets": 0.0
   },
   "gap_prob": {
    "max_pp": 0.056416,
    "hand": 0.017468,
    "sep": -0.023677,
    "own_followers": 0.009808
   },
   "pairs": 2443,
   "starts": 871
  },
  "half1": {
   "G": {
    "ep": 2.285,
    "sep": 0.4663,
    "max_pp": 11.448,
    "pp_left": -0.9316,
    "hand": 2.7279,
    "enemy_hp": -2.0276,
    "own_hp": 0.9367,
    "own_followers": 2.0399,
    "own_stats": 0.2584,
    "enemy_followers": -0.0752,
    "enemy_stats": -1.2512,
    "own_amulets": 0.0,
    "enemy_amulets": 0.0
   },
   "T": {
    "ep": 1.0466,
    "sep": 0.1087,
    "max_pp": 6.2797,
    "pp_left": -0.806,
    "hand": 1.9493,
    "enemy_hp": -2.375,
    "own_hp": 0.2545,
    "own_followers": 0.3879,
    "own_stats": 0.6622,
    "enemy_followers": -2.2686,
    "enemy_stats": -0.6872,
    "own_amulets": 0.0,
    "enemy_amulets": 0.0
   },
   "gap_prob": {
    "max_pp": 0.051683,
    "hand": 0.007786,
    "sep": 0.003576,
    "own_followers": 0.016521
   },
   "pairs": 2430,
   "starts": 840
  },
  "all": {
   "G": {
    "ep": 0.3801,
    "sep": 0.0583,
    "max_pp": 11.6469,
    "pp_left": -0.7751,
    "hand": 3.2773,
    "enemy_hp": -2.0958,
    "own_hp": 1.2635,
    "own_followers": 0.9938,
    "own_stats": 0.5173,
    "enemy_followers": -5.6468,
    "enemy_stats": -0.6033,
    "own_amulets": 0.0,
    "enemy_amulets": 0.0
   },
   "T": {
    "ep": 0.2099,
    "sep": 1.0185,
    "max_pp": 6.3572,
    "pp_left": -0.8193,
    "hand": 2.0494,
    "enemy_hp": -2.3582,
    "own_hp": 0.3981,
    "own_followers": -0.3277,
    "own_stats": 0.7892,
    "enemy_followers": -4.6417,
    "enemy_stats": -0.3763,
    "own_amulets": 0.0,
    "enemy_amulets": 0.0
   },
   "gap_prob": {
    "max_pp": 0.052897,
    "hand": 0.012279,
    "sep": -0.009603,
    "own_followers": 0.013215
   },
   "pairs": 4873,
   "starts": 1711
  }
 },
 "correction": {
  "step1": {
   "examples": 108686,
   "mean": -0.00728,
   "mean_abs": 0.02096,
   "nonzero": 89066
  },
  "teacher_ends": {
   "examples": 211696,
   "mean": -0.00323,
   "mean_abs": 0.02048,
   "nonzero": 181295
  }
 },
 "counts": {
  "step1_labels": 5453,
  "step1_examples": 108686,
  "step1_no_examples": 231,
  "teacher_ends_labels": 13607,
  "teacher_ends_examples": 211696,
  "teacher_ends_no_examples": 251
 }
}
