{
 "train": {
  "contrast_mse_w": 0.008687,
  "sign_w": 0.7509,
  "sign_w_vs_original_labels": 0.7381,
  "calib_logloss": 0.5946
 },
 "intercept": -0.3218,
 "seconds": 253,
 "prices": {
  "half0": {
   "G": {
    "ep": -1.1872,
    "sep": -0.6058,
    "max_pp": 12.271,
    "pp_left": -0.6687,
    "hand": 3.956
   },
   "T": {
    "ep": -0.4779,
    "sep": 1.7619,
    "max_pp": 6.6294,
    "pp_left": -0.8457,
    "hand": 2.2092
   },
   "gap_prob": {
    "max_pp": 0.056416,
    "hand": 0.017468,
    "sep": -0.023677
   },
   "pairs": 2443,
   "starts": 871
  },
  "half1": {
   "G": {
    "ep": 2.285,
    "sep": 0.4663,
    "max_pp": 11.448,
    "pp_left": -0.9316,
    "hand": 2.7279
   },
   "T": {
    "ep": 1.0466,
    "sep": 0.1087,
    "max_pp": 6.2797,
    "pp_left": -0.806,
    "hand": 1.9493
   },
   "gap_prob": {
    "max_pp": 0.051683,
    "hand": 0.007786,
    "sep": 0.003576
   },
   "pairs": 2430,
   "starts": 840
  },
  "all": {
   "G": {
    "ep": 0.3801,
    "sep": 0.0583,
    "max_pp": 11.6469,
    "pp_left": -0.7751,
    "hand": 3.2773
   },
   "T": {
    "ep": 0.2099,
    "sep": 1.0185,
    "max_pp": 6.3572,
    "pp_left": -0.8193,
    "hand": 2.0494
   },
   "gap_prob": {
    "max_pp": 0.052897,
    "hand": 0.012279,
    "sep": -0.009603
   },
   "pairs": 4873,
   "starts": 1711
  }
 },
 "correction": {
  "step1": {
   "examples": 108686,
   "mean": -0.00393,
   "mean_abs": 0.01967,
   "nonzero": 79480
  },
  "teacher_ends": {
   "examples": 211696,
   "mean": -0.00113,
   "mean_abs": 0.02105,
   "nonzero": 162664
  }
 },
 "counts": {
  "step1_labels": 5453,
  "step1_examples": 108686,
  "step1_no_examples": 231,
  "teacher_ends_labels": 13607,
  "teacher_ends_examples": 211696,
  "teacher_ends_no_examples": 251
 }
}
