library ['kn', 'nnzres', 'sumres', 'sumsqres', 'maxres', 'minres_nz', 'nbig', 'Dmodr', 'sum4res', 'Cdeg', 'ntop', 'ntop2', 'Cfold', 'Cfold_shape', 'Cfold_spread', 'Cfold_ratio', 'cap_ms', 'small_ms', 'mina_nt', 'Alow_r', 'Alow_2r']
controls: (('has0', 'res_ms_nt', 'cap_ms'), 60171, 0, 0) (('has0', 'res_ms_nt', 'Alow_r'), 60171, 0, 0)
size 0: evaluated 1, determining 0, time 0s
size 1: evaluated 21, determining 0, time 4s
size 2: evaluated 210, determining 6, time 31s
size 3: evaluated 1225, determining 63, time 152s
determining sets, coarsest first:
(('has0', 'minres_nz', 'Cfold_ratio', 'small_ms'), 30348, 0, 0)
(('has0', 'minres_nz', 'Cfold', 'small_ms'), 37616, 0, 0)
(('has0', 'sumres', 'Cfold_shape', 'small_ms'), 45909, 0, 0)
(('has0', 'sumsqres', 'Cfold_shape', 'small_ms'), 45909, 0, 0)
(('has0', 'Cdeg', 'Cfold_shape', 'cap_ms'), 45909, 0, 0)
(('has0', 'Cdeg', 'Cfold_shape', 'Alow_r'), 45909, 0, 0)
(('has0', 'sumsqres', 'Cfold_ratio', 'small_ms'), 46079, 0, 0)
(('has0', 'Cdeg', 'Cfold_ratio', 'cap_ms'), 47618, 0, 0)
(('has0', 'Cdeg', 'Cfold_ratio', 'Alow_r'), 47618, 0, 0)
(('has0', 'minres_nz', 'Cfold_ratio', 'cap_ms'), 47657, 0, 0)
(('has0', 'minres_nz', 'Cfold_ratio', 'Alow_r'), 47657, 0, 0)
(('has0', 'Cfold_spread', 'Cfold_ratio', 'cap_ms'), 47748, 0, 0)
(('has0', 'Cfold_spread', 'Cfold_ratio', 'Alow_r'), 47748, 0, 0)
(('has0', 'sumsqres', 'sum4res', 'small_ms'), 47933, 0, 0)
(('has0', 'sum4res', 'ntop2', 'small_ms'), 47933, 0, 0)
(('has0', 'Cfold', 'cap_ms'), 47998, 0, 0)
(('has0', 'Cfold', 'Alow_r'), 47998, 0, 0)
(('has0', 'kn', 'Cfold', 'small_ms'), 47998, 0, 0)
(('has0', 'nnzres', 'Cfold', 'small_ms'), 47998, 0, 0)
(('has0', 'sumres', 'sum4res', 'small_ms'), 47998, 0, 0)
(('has0', 'sumres', 'Cfold', 'small_ms'), 47998, 0, 0)
(('has0', 'sumsqres', 'Cfold', 'small_ms'), 47998, 0, 0)
(('has0', 'nbig', 'Cfold', 'small_ms'), 47998, 0, 0)
(('has0', 'sum4res', 'Cdeg', 'small_ms'), 47998, 0, 0)
(('has0', 'sum4res', 'Cfold', 'small_ms'), 47998, 0, 0)
(('has0', 'sum4res', 'Cfold_shape', 'small_ms'), 47998, 0, 0)
(('has0', 'sum4res', 'Cfold_spread', 'small_ms'), 47998, 0, 0)
(('has0', 'sum4res', 'Cfold_ratio', 'small_ms'), 47998, 0, 0)
(('has0', 'Cfold_shape', 'Cfold_ratio', 'cap_ms'), 47998, 0, 0)
(('has0', 'Cfold_shape', 'Cfold_ratio', 'Alow_r'), 47998, 0, 0)
best non-determining:
(('has0', 'minres_nz', 'Cfold_ratio', 'mina_nt'), 6376, 1, 12)
(('has0', 'minres_nz', 'Cfold', 'mina_nt'), 8684, 1, 12)
(('has0', 'sumsqres', 'Cfold_ratio', 'mina_nt'), 12686, 1, 12)
(('has0', 'sumres', 'Cfold_shape', 'mina_nt'), 13003, 1, 12)
(('has0', 'sumsqres', 'Cfold_shape', 'mina_nt'), 13003, 1, 12)
(('has0', 'sumsqres', 'sum4res', 'mina_nt'), 13872, 1, 12)
(('has0', 'sum4res', 'ntop2', 'mina_nt'), 13872, 1, 12)
(('has0', 'nnzres', 'Cfold', 'mina_nt'), 13913, 1, 12)
(('has0', 'sumres', 'sum4res', 'mina_nt'), 13913, 1, 12)
(('has0', 'sumres', 'Cfold', 'mina_nt'), 13913, 1, 12)
(('has0', 'sumsqres', 'Cfold', 'mina_nt'), 13913, 1, 12)
(('has0', 'sum4res', 'Cdeg', 'mina_nt'), 13913, 1, 12)
(('has0', 'sum4res', 'Cfold', 'mina_nt'), 13913, 1, 12)
(('has0', 'sum4res', 'Cfold_shape', 'mina_nt'), 13913, 1, 12)
(('has0', 'sum4res', 'Cfold_spread', 'mina_nt'), 13913, 1, 12)
