size 0: evaluated 1, determining 0, time 2s
size 1: evaluated 33, determining 0, time 12s
size 2: evaluated 528, determining 11, time 112s
size 3: evaluated 5141, determining 87, time 886s
best 40 by (inconsistent keys, majority errors, #groups):
(('res_ms_nt', 'small_ms'), 60171, 0, 0)
(('res_ms_nt', 'bigres_ms'), 60171, 0, 0)
(('res_ms_nt', 'cap_ms'), 60171, 0, 0)
(('small_ms', 'bigres_ms'), 60171, 0, 0)
(('bigres_ms', 'cap_ms'), 60171, 0, 0)
(('sumres', 'bigres_ms', 'resinv_ms'), 60171, 0, 0)
(('gcd_ms', 'bigres_ms', 'sumsqres'), 60171, 0, 0)
(('bigres_ms', 'sumsqres', 'resinv_ms'), 60171, 0, 0)
(('res_ms', 'minres_nz', 'small_ms'), 88131, 0, 0)
(('res_ms_nt', 'nbig', 'M11'), 88171, 0, 0)
(('res_ms_nt', 'mina_nt', 'M11'), 100788, 0, 0)
(('res_ms', 'bigres_ms'), 107774, 0, 0)
(('res_ms', 'cap_ms'), 107774, 0, 0)
(('kn', 'res_ms', 'small_ms'), 107774, 0, 0)
(('k1', 'res_ms', 'small_ms'), 107774, 0, 0)
(('res_ms', 'nbig', 'small_ms'), 107774, 0, 0)
(('res_ms', 'sumres', 'small_ms'), 107774, 0, 0)
(('res_ms', 'nnzres', 'small_ms'), 107774, 0, 0)
(('res_ms', 'gcd_ms', 'small_ms'), 107774, 0, 0)
(('res_ms', 'small_ms', 'sumsqres'), 107774, 0, 0)
(('res_ms', 'small_ms', 'resinv_ms'), 107774, 0, 0)
(('res_ms', 'small_ms', 'ndist'), 110538, 0, 0)
(('res_ms', 'small_ms', 'M11'), 157271, 0, 0)
(('res_ms_nt', 'F', 'M11'), 168523, 0, 0)
(('res_ms_nt', 'D', 'M11'), 168523, 0, 0)
(('res_ms', 'par', 'small_ms'), 171266, 0, 0)
(('res_ms_nt', 'S2'), 175555, 0, 0)
(('small_ms', 'Fc', 'sumsqres'), 195390, 0, 0)
(('res_ms', 'F', 'small_ms'), 197702, 0, 0)
(('res_ms', 'D', 'small_ms'), 197702, 0, 0)
(('gcd_ms', 'Fc', 'sumsqres'), 207053, 0, 0)
(('D', 'Fc', 'resinv_ms'), 207055, 0, 0)
(('sumres', 'Fc', 'resinv_ms'), 207055, 0, 0)
(('Fc', 'sumsqres', 'resinv_ms'), 207055, 0, 0)
(('res_ms_nt', 'Fc'), 207407, 0, 0)
(('Fc', 'cap_ms', 'sumsqres'), 250019, 0, 0)
(('res_ms_nt', 'M11', 'M20'), 264935, 0, 0)
(('res_ms', 'S2', 'minres_nz'), 272582, 0, 0)
(('res_ms', 'small_ms', 'M20'), 277268, 0, 0)
(('res_ms', 'Fc'), 313476, 0, 0)
