control res_ms_nt: (('has0', 'res_ms_nt'), 4995, 2, 24)
size 0: evaluated 1, determining 0, time 0s
size 1: evaluated 16, determining 0, time 2s
size 2: evaluated 120, determining 0, time 11s
size 3: evaluated 560, determining 0, time 60s
size 4: evaluated 1820, determining 0, time 293s
(('has0', 'minres_nz', 'nbig', 'Cfold_ratio'), 11141, 12, 20)
(('has0', 'minres_nz', 'nbig', 'ntop', 'Cfold_ratio'), 11446, 12, 20)
(('has0', 'maxres', 'minres_nz', 'nbig', 'Cfold_ratio'), 11592, 12, 20)
(('has0', 'minres_nz', 'nbig', 'ntop2', 'Cfold_ratio'), 12284, 12, 20)
(('has0', 'minres_nz', 'nbig', 'Cdeg', 'Cfold_ratio'), 15086, 12, 20)
(('has0', 'minres_nz', 'nbig', 'Cfold_spread', 'Cfold_ratio'), 15121, 12, 20)
(('has0', 'minres_nz', 'nbig', 'Cfold'), 15379, 12, 20)
(('has0', 'maxres', 'minres_nz', 'nbig', 'Cfold'), 15379, 12, 20)
(('has0', 'minres_nz', 'nbig', 'Cdeg', 'Cfold'), 15379, 12, 20)
(('has0', 'minres_nz', 'nbig', 'Cfold', 'Cfold_shape'), 15379, 12, 20)
(('has0', 'minres_nz', 'nbig', 'Cfold', 'Cfold_spread'), 15379, 12, 20)
(('has0', 'minres_nz', 'nbig', 'Cfold', 'Cfold_ratio'), 15379, 12, 20)
(('has0', 'minres_nz', 'nbig', 'Cfold_shape', 'Cfold_ratio'), 15379, 12, 20)
(('has0', 'minres_nz', 'nbig', 'ntop', 'Cfold'), 15400, 12, 20)
(('has0', 'minres_nz', 'nbig', 'ntop2', 'Cfold'), 15526, 12, 20)
(('has0', 'kn', 'nbig', 'Cdeg', 'Cfold_shape'), 16945, 12, 20)
(('has0', 'nnzres', 'minres_nz', 'nbig', 'Cfold_ratio'), 17010, 12, 20)
(('has0', 'kn', 'minres_nz', 'nbig', 'Cfold_ratio'), 18146, 12, 20)
(('has0', 'kn', 'nbig', 'Cdeg', 'Cfold_ratio'), 18365, 12, 20)
(('has0', 'kn', 'nbig', 'Cfold_spread', 'Cfold_ratio'), 18470, 12, 20)
(('has0', 'sumres', 'nbig', 'Cfold_shape'), 18603, 12, 20)
(('has0', 'sumsqres', 'nbig', 'Cfold_shape'), 18603, 12, 20)
(('has0', 'nnzres', 'sumres', 'nbig', 'Cfold_shape'), 18603, 12, 20)
(('has0', 'nnzres', 'sumsqres', 'nbig', 'Cfold_shape'), 18603, 12, 20)
(('has0', 'nnzres', 'nbig', 'Cdeg', 'Cfold_shape'), 18603, 12, 20)
(('has0', 'sumres', 'sumsqres', 'nbig', 'Cfold_shape'), 18603, 12, 20)
(('has0', 'sumres', 'nbig', 'Cdeg', 'Cfold_shape'), 18603, 12, 20)
(('has0', 'sumres', 'nbig', 'Cfold_shape', 'Cfold_spread'), 18603, 12, 20)
(('has0', 'sumsqres', 'nbig', 'Cdeg', 'Cfold_shape'), 18603, 12, 20)
(('has0', 'sumsqres', 'nbig', 'Cfold_shape', 'Cfold_spread'), 18603, 12, 20)
