size 0: evaluated 1 (supersets of determining sets skipped), determining 0, time 0s
size 1: evaluated 33 (supersets of determining sets skipped), determining 0, time 2s
size 2: evaluated 528 (supersets of determining sets skipped), determining 3, time 49s
size 3: evaluated 5365 (supersets of determining sets skipped), determining 80, time 327s
best 40 by (inconsistent keys, majority errors, #groups):
(('res_ms_nt', 'F', 'small_ms'), 150099, 0, 0)
(('res_ms_nt', 'F', 'bigres_ms'), 150099, 0, 0)
(('res_ms_nt', 'F', 'cap_ms'), 150099, 0, 0)
(('res_ms_nt', 'D', 'small_ms'), 150099, 0, 0)
(('res_ms_nt', 'D', 'bigres_ms'), 150099, 0, 0)
(('res_ms_nt', 'D', 'cap_ms'), 150099, 0, 0)
(('F', 'small_ms', 'bigres_ms'), 150099, 0, 0)
(('F', 'bigres_ms', 'cap_ms'), 150099, 0, 0)
(('D', 'small_ms', 'bigres_ms'), 150099, 0, 0)
(('D', 'bigres_ms', 'cap_ms'), 150099, 0, 0)
(('res_ms_nt', 'F', 'M11'), 168523, 0, 0)
(('res_ms_nt', 'D', 'M11'), 168523, 0, 0)
(('small_ms', 'Fc', 'sumsqres'), 195390, 0, 0)
(('res_ms', 'F', 'small_ms'), 197702, 0, 0)
(('res_ms', 'D', 'small_ms'), 197702, 0, 0)
(('res_ms_nt', 'F', 'S2'), 206790, 0, 0)
(('res_ms_nt', 'D', 'S2'), 206790, 0, 0)
(('gcd_ms', 'Fc', 'sumsqres'), 207053, 0, 0)
(('D', 'Fc', 'resinv_ms'), 207055, 0, 0)
(('sumres', 'Fc', 'resinv_ms'), 207055, 0, 0)
(('Fc', 'sumsqres', 'resinv_ms'), 207055, 0, 0)
(('res_ms_nt', 'Fc'), 207407, 0, 0)
(('Fc', 'cap_ms', 'sumsqres'), 250019, 0, 0)
(('small_ms', 'bigres_ms', 'Fc'), 250022, 0, 0)
(('bigres_ms', 'Fc', 'cap_ms'), 250022, 0, 0)
(('res_ms', 'F', 'bigres_ms'), 263663, 0, 0)
(('res_ms', 'F', 'cap_ms'), 263663, 0, 0)
(('res_ms', 'D', 'bigres_ms'), 263663, 0, 0)
(('res_ms', 'D', 'cap_ms'), 263663, 0, 0)
(('res_ms', 'Fc'), 313476, 0, 0)
(('S2', 'small_ms', 'Fc'), 315019, 0, 0)
(('S2', 'Fc', 'resinv_ms'), 323309, 0, 0)
(('S2', 'Fc', 'cap_ms'), 333280, 0, 0)
(('res_ms_nt', 'S4'), 346193, 0, 0)
(('res_ms', 'floor_ms', 'small_ms'), 347472, 0, 0)
(('res_ms', 'floor_ms', 'bigres_ms'), 347472, 0, 0)
(('res_ms', 'floor_ms', 'cap_ms'), 347472, 0, 0)
(('res_ms_nt', 'floor_ms', 'small_ms'), 347472, 0, 0)
(('res_ms_nt', 'floor_ms', 'bigres_ms'), 347472, 0, 0)
(('res_ms_nt', 'floor_ms', 'cap_ms'), 347472, 0, 0)
