{
 "lambda": 0.03,
 "cv": {
  "0.0": {
   "top1": 0.368,
   "vs_bot": 0.2331,
   "vs_all": 0.7725,
   "val_mse_mean": 0.011136
  },
  "0.003": {
   "top1": 0.3723,
   "vs_bot": 0.2331,
   "vs_all": 0.7768,
   "val_mse_mean": 0.011112
  },
  "0.01": {
   "top1": 0.3723,
   "vs_bot": 0.2393,
   "vs_all": 0.7681,
   "val_mse_mean": 0.011077
  },
  "0.03": {
   "top1": 0.3853,
   "vs_bot": 0.2577,
   "vs_all": 0.7855,
   "val_mse_mean": 0.011146
  },
  "0.1": {
   "top1": 0.4026,
   "vs_bot": 0.2945,
   "vs_all": 0.806,
   "val_mse_mean": 0.01272
  },
  "0.3": {
   "top1": 0.4113,
   "vs_bot": 0.3558,
   "vs_all": 0.8053,
   "val_mse_mean": 0.020622
  }
 },
 "baselines": {
  "installed": {
   "top1": 0.3117,
   "vs_bot": 0.0859,
   "vs_all": 0.7409
  },
  "cand-kc": {
   "top1": 0.368,
   "vs_bot": 0.227,
   "vs_all": 0.77
  }
 },
 "val_mse_final": 0.01114,
 "ramp_turns": 243,
 "seconds": 911
}
