0 0.3 {'0.0': 0.8022, '0.003': 0.7962, '0.01': 0.8003, '0.03': 0.8015, '0.1': 0.8053, '0.3': 0.8113}
1 0.3 {'0.0': 0.813, '0.003': 0.8072, '0.01': 0.8148, '0.03': 0.8174, '0.1': 0.8352, '0.3': 0.8481}
2 0.3 {'0.0': 0.7919, '0.003': 0.7886, '0.01': 0.7959, '0.03': 0.7975, '0.1': 0.808, '0.3': 0.8324}
3 0.3 {'0.0': 0.805, '0.003': 0.8013, '0.01': 0.8006, '0.03': 0.7999, '0.1': 0.8166, '0.3': 0.8315}
4 0.3 {'0.0': 0.7999, '0.003': 0.7999, '0.01': 0.7965, '0.03': 0.8026, '0.1': 0.8192, '0.3': 0.8339}
{
 "outer": {
  "0": {
   "lambda": 0.3,
   "inner_pairwise": {
    "0.0": 0.8022,
    "0.003": 0.7962,
    "0.01": 0.8003,
    "0.03": 0.8015,
    "0.1": 0.8053,
    "0.3": 0.8113
   },
   "held_games": [
    "1791239741924",
    "1791241961923",
    "1791304981889",
    "1791306269709",
    "1791315717152",
    "1791316841837",
    "1791384258804",
    "1791387160337",
    "1791439562701",
    "1791441981815"
   ],
   "val_mse": 0.020679
  },
  "1": {
   "lambda": 0.3,
   "inner_pairwise": {
    "0.0": 0.813,
    "0.003": 0.8072,
    "0.01": 0.8148,
    "0.03": 0.8174,
    "0.1": 0.8352,
    "0.3": 0.8481
   },
   "held_games": [
    "1791240077891",
    "1791254551759",
    "1791305120171",
    "1791306333962",
    "1791316090276",
    "1791316974098",
    "1791385092476",
    "1791387437959",
    "1791440630873",
    "1791442148174"
   ],
   "val_mse": 0.022417
  },
  "2": {
   "lambda": 0.3,
   "inner_pairwise": {
    "0.0": 0.7919,
    "0.003": 0.7886,
    "0.01": 0.7959,
    "0.03": 0.7975,
    "0.1": 0.808,
    "0.3": 0.8324
   },
   "held_games": [
    "1791240353615",
    "1791263068868",
    "1791305215412",
    "1791306396169",
    "1791316350693",
    "1791317238047",
    "1791385225044",
    "1791438391276",
    "1791440874805"
   ],
   "val_mse": 0.020173
  },
  "3": {
   "lambda": 0.3,
   "inner_pairwise": {
    "0.0": 0.805,
    "0.003": 0.8013,
    "0.01": 0.8006,
    "0.03": 0.7999,
    "0.1": 0.8166,
    "0.3": 0.8315
   },
   "held_games": [
    "1791241499405",
    "1791263640919",
    "1791305347029",
    "1791306497426",
    "1791316411815",
    "1791317476826",
    "1791385824342",
    "1791438595615",
    "1791441594328"
   ],
   "val_mse": 0.019911
  },
  "4": {
   "lambda": 0.3,
   "inner_pairwise": {
    "0.0": 0.7999,
    "0.003": 0.7999,
    "0.01": 0.7965,
    "0.03": 0.8026,
    "0.1": 0.8192,
    "0.3": 0.8339
   },
   "held_games": [
    "1791241750673",
    "1791263900463",
    "1791305539194",
    "1791306781701",
    "1791316540438",
    "1791317687161",
    "1791387075633",
    "1791438924857",
    "1791441785786"
   ],
   "val_mse": 0.020848
  }
 },
 "builder pooled pairwise (outer held out)": {
  "all": {
   "cand-sp": 0.8365,
   "cand-kc": 0.8011,
   "installed": 0.7857,
   "pairs": 2664,
   "turns": 399,
   "games": 47
  },
  "ramp mirror": {
   "cand-sp": 0.8605,
   "cand-kc": 0.8166,
   "installed": 0.7949,
   "pairs": 1538,
   "turns": 243,
   "games": 27
  },
  "other pairings": {
   "cand-sp": 0.8037,
   "cand-kc": 0.7798,
   "installed": 0.7731,
   "pairs": 1126,
   "turns": 156,
   "games": 20
  }
 },
 "val_mse": {
  "cand-kc": 0.011104,
  "outer folds": {
   "0": 0.020679,
   "1": 0.022417,
   "2": 0.020173,
   "3": 0.019911,
   "4": 0.020848
  }
 },
 "final": {
  "lambda": 0.3,
  "inner_pairwise": {
   "0.0": 0.8024,
   "0.003": 0.7962,
   "0.01": 0.8014,
   "0.03": 0.8027,
   "0.1": 0.8253,
   "0.3": 0.829
  },
  "val_mse": 0.020337,
  "val_mse_ratio_vs_cand-kc": 1.8315,
  "sha256": "caf02e3a404df461c208d754aef36ba8c5fcb0634d3f201214b788811fe2c5ab"
 },
 "seconds": 2452
}
