r=7 s=(1, 1, 3, 4, 4, 4, 4, 5, 5) S=31 tau=[-36, 0, 36, 45, 20, -20, -45] Uinf=[1, 3] T=3 R2E7 L0=9
 large-part check:
  r=7 a=[10, 11, 11, 11, 11, 12, 12, 15, 15] F=11 U(a)=[1, 2, 3, 4, 5, 6, 7, 8, 9, 10, 11, 12, 14] [1,F]u(F+Uinf)=[1, 2, 3, 4, 5, 6, 7, 8, 9, 10, 11, 12, 14] stable=True
 a^2:
  r=7 a=[3, 4, 4, 4, 4, 5, 5, 8, 8] F=2 U(a)=[1, 2, 3, 5] [1,F]u(F+Uinf)=[1, 2, 3, 5] stable=True
 a^3:
  r=7 a=[3, 4, 4, 4, 4, 5, 5, 8, 8] F=2 U(a)=[1, 2, 3, 5] [1,F]u(F+Uinf)=[1, 2, 3, 5] stable=True
r=7 s=(1, 2, 2, 4, 4, 4, 4, 4, 6) S=31 tau=[-36, 0, 36, 45, 20, -20, -45] Uinf=[1, 3] T=3 R2E7 L0=9
 large-part check:
  r=7 a=[9, 9, 11, 11, 11, 11, 11, 13, 15] F=10 U(a)=[1, 2, 3, 4, 5, 6, 7, 8, 9, 10, 11, 13] [1,F]u(F+Uinf)=[1, 2, 3, 4, 5, 6, 7, 8, 9, 10, 11, 13] stable=True
 a^2:
  r=7 a=[2, 2, 4, 4, 4, 4, 4, 6, 8] F=1 U(a)=[1, 2] [1,F]u(F+Uinf)=[1, 2, 4] stable=False
 a^3:
  r=7 a=[4, 4, 4, 4, 4, 6, 8, 9, 9] F=3 U(a)=[1, 2, 3, 4, 6] [1,F]u(F+Uinf)=[1, 2, 3, 4, 6] stable=True
Example 2 (same residues, same a_min=2):
  r=7 a=[2, 2, 4, 4, 4, 4, 4, 6, 8] F=1 U(a)=[1, 2] [1,F]u(F+Uinf)=[1, 2, 4] stable=False
  r=7 a=[2, 8, 9, 11, 11, 11, 11, 11, 13] F=8 U(a)=[1, 2, 3, 4, 5, 6, 7, 8, 9] [1,F]u(F+Uinf)=[1, 2, 3, 4, 5, 6, 7, 8, 9, 11] stable=False
  r=7 a=[2, 4, 4, 4, 4, 4, 6, 8, 9] F=2 U(a)=[1, 2, 3] [1,F]u(F+Uinf)=[1, 2, 3, 5] stable=False
Example 2b (r=5, residues (2,2,3^7), a_min=2 in both):
  Uinf [1, 2, 3]
  r=5 a=[2, 7, 8, 8, 8, 8, 8, 8, 8] F=8 U(a)=[1, 2, 3, 4, 5, 6, 7, 8, 9, 10, 11] [1,F]u(F+Uinf)=[1, 2, 3, 4, 5, 6, 7, 8, 9, 10, 11] stable=True
  r=5 a=[2, 2, 8, 8, 8, 8, 8, 8, 8] F=7 U(a)=[1, 2, 3, 4, 5, 6, 7, 8, 10] [1,F]u(F+Uinf)=[1, 2, 3, 4, 5, 6, 7, 8, 9, 10] stable=False
Example 2c (r=6, residues (2,2,2,3,4^5), a_min=2):
  Uinf [1, 2, 3]
  r=6 a=[2, 8, 8, 9, 10, 10, 10, 10, 10] F=8 U(a)=[1, 2, 3, 4, 5, 6, 7, 8, 9, 10, 11] [1,F]u(F+Uinf)=[1, 2, 3, 4, 5, 6, 7, 8, 9, 10, 11] stable=True
  r=6 a=[2, 2, 8, 9, 10, 10, 10, 10, 10] F=7 U(a)=[1, 2, 3, 4, 5, 6, 7, 8, 10] [1,F]u(F+Uinf)=[1, 2, 3, 4, 5, 6, 7, 8, 9, 10] stable=False
Example 2b sharp threshold: a^2, a^3 for r=5, s=(2,2,3^7), and a large-part instance
 a^2 [2, 2, 3, 3, 3, 3, 3, 3, 3]
  r=5 a=[2, 2, 3, 3, 3, 3, 3, 3, 3] F=0 U(a)=[1, 3] [1,F]u(F+Uinf)=[1, 2, 3] stable=False
 a^3 [3, 3, 3, 3, 3, 3, 3, 7, 7]
  r=5 a=[3, 3, 3, 3, 3, 3, 3, 7, 7] F=2 U(a)=[1, 2, 3, 4, 5] [1,F]u(F+Uinf)=[1, 2, 3, 4, 5] stable=True
  r=5 a=[7, 7, 8, 8, 8, 8, 8, 8, 8] F=9 U(a)=[1, 2, 3, 4, 5, 6, 7, 8, 9, 10, 11, 12] [1,F]u(F+Uinf)=[1, 2, 3, 4, 5, 6, 7, 8, 9, 10, 11, 12] stable=True
