OK   A200880(1) 22 22
OK   A200880(2) 51 51
OK   A200880(3) 121 121
OK   A200880(4) 292 292
OK   A200880(5) 704 704
OK   A200880(6) 1691 1691
OK   A200880(7) 4059 4059
OK   A200880(8) 9749 9749
OK   A200880(9) 23422 23422
OK   A200881(1) 50 50
OK   A200881(2) 144 144
OK   A200881(3) 422 422
OK   A200881(4) 1268 1268
OK   A200881(5) 3823 3823
OK   A200881(6) 11472 11472
OK   A200881(7) 34350 34350
OK   A200882(1) 95 95
OK   A200882(2) 325 325
OK   A200882(3) 1121 1121
OK   A200882(4) 3985 3985
OK   A200882(5) 14288 14288
OK   A200883(1) 161 161
OK   A200883(2) 636 636
OK   A200883(3) 2507 2507
OK   A200883(4) 10213 10213
OK   A200883(5) 42182 42182
OK   A200884(1) 252 252
OK   A200884(2) 1127 1127
OK   A200884(3) 4977 4977
OK   A200884(4) 22736 22736
OK   A200885(1) 372 372
OK   A200885(2) 1856 1856
OK   A200885(3) 9052 9052
OK   A200885(4) 45648 45648
OK   A200865(1) 17 17
OK   A200865(2) 37 37
OK   A200865(3) 77 77
OK   A200865(4) 163 163
OK   A200865(5) 343 343
OK   A200865(6) 723 723
OK   A200865(7) 1523 1523
OK   A200865(8) 3209 3209
OK   A200865(9) 6761 6761
OK   A200866(1) 36 36
OK   A200866(2) 94 94
OK   A200866(3) 236 236
OK   A200866(4) 602 602
OK   A200866(5) 1528 1528
OK   A200866(6) 3882 3882
OK   A200866(7) 9858 9858
OK   A200867(1) 65 65
OK   A200867(2) 195 195
OK   A200867(3) 567 567
OK   A200867(4) 1673 1673
OK   A200867(5) 4917 4917
OK   A200868(1) 106 106
OK   A200868(2) 356 356
OK   A200868(3) 1168 1168
OK   A200868(4) 3886 3886
OK   A200868(5) 12890 12890
OK   A200869(1) 161 161
OK   A200869(2) 595 595
OK   A200869(3) 2163 2163
OK   A200869(4) 7973 7973
OK   A200870(1) 232 232
OK   A200870(2) 932 932
OK   A200870(3) 3704 3704
OK   A200870(4) 14932 14932
OK   A200887(1) 12 12
OK   A200887(2) 51 51
OK   A200887(3) 144 144
OK   A200887(4) 325 325
OK   A200887(5) 636 636
OK   A200887(6) 1127 1127
OK   A200887(7) 1856 1856
OK   A200887(8) 2889 2889
OK   A200887(9) 4300 4300
OK   A200887(10) 6171 6171
OK   A200887(11) 8592 8592
OK   A200887(12) 11661 11661
OK   A200887(13) 15484 15484
OK   A200887(14) 20175 20175
OK   A200887(15) 25856 25856
OK   A200887(16) 32657 32657
OK   A200887(17) 40716 40716
OK   A200887(18) 50179 50179
OK   A200887(19) 61200 61200
OK   A200887(20) 73941 73941
OK   A200887(21) 88572 88572
OK   A200887(22) 105271 105271
OK   A200888(1) 21 21
OK   A200888(2) 121 121
OK   A200888(3) 422 422
OK   A200888(4) 1121 1121
OK   A200888(5) 2507 2507
OK   A200888(6) 4977 4977
OK   A200888(7) 9052 9052
OK   A200888(8) 15393 15393
OK   A200888(9) 24817 24817
OK   A200888(10) 38313 38313
OK   A200888(11) 57058 57058
OK   A200889(1) 37 37
OK   A200889(2) 292 292
OK   A200889(3) 1268 1268
OK   A200889(4) 3985 3985
OK   A200889(5) 10213 10213
OK   A200889(6) 22736 22736
OK   A200889(7) 45648 45648
OK   A200890(1) 65 65
OK   A200890(2) 704 704
OK   A200890(3) 3823 3823
OK   A200890(4) 14288 14288
OK   A200890(5) 42182 42182
OK   A200891(1) 114 114
OK   A200891(2) 1691 1691
OK   A200891(3) 11472 11472
OK   A200892(1) 200 200
OK   A200892(2) 4059 4059
OK   A200892(3) 34350 34350
OK   A200872(1) 10 10
OK   A200872(2) 37 37
OK   A200872(3) 94 94
OK   A200872(4) 195 195
OK   A200872(5) 356 356
OK   A200872(6) 595 595
OK   A200872(7) 932 932
OK   A200872(8) 1389 1389
OK   A200872(9) 1990 1990
OK   A200872(10) 2761 2761
OK   A200872(11) 3730 3730
OK   A200872(12) 4927 4927
OK   A200872(13) 6384 6384
OK   A200872(14) 8135 8135
OK   A200872(15) 10216 10216
OK   A200872(16) 12665 12665
OK   A200872(17) 15522 15522
OK   A200872(18) 18829 18829
OK   A200872(19) 22630 22630
OK   A200872(20) 26971 26971
OK   A200872(21) 31900 31900
OK   A200872(22) 37467 37467
OK   A200873(1) 16 16
OK   A200873(2) 77 77
OK   A200873(3) 236 236
OK   A200873(4) 567 567
OK   A200873(5) 1168 1168
OK   A200873(6) 2163 2163
OK   A200873(7) 3704 3704
OK   A200873(8) 5973 5973
OK   A200873(9) 9184 9184
OK   A200873(10) 13585 13585
OK   A200873(11) 19460 19460
OK   A200874(1) 26 26
OK   A200874(2) 163 163
OK   A200874(3) 602 602
OK   A200874(4) 1673 1673
OK   A200874(5) 3886 3886
OK   A200874(6) 7973 7973
OK   A200874(7) 14932 14932
OK   A200875(1) 42 42
OK   A200875(2) 343 343
OK   A200875(3) 1528 1528
OK   A200875(4) 4917 4917
OK   A200875(5) 12890 12890
OK   A200876(1) 68 68
OK   A200876(2) 723 723
OK   A200876(3) 3882 3882
OK   A200877(1) 110 110
OK   A200877(2) 1523 1523
OK   A200877(3) 9858 9858
OK   A200886(1,1) 7 7
OK   A200871(1,1) 6 6
OK   A200886(1,2) 22 22
OK   A200871(1,2) 17 17
OK   A200886(1,3) 50 50
OK   A200871(1,3) 36 36
OK   A200886(1,4) 95 95
OK   A200871(1,4) 65 65
OK   A200886(1,5) 161 161
OK   A200871(1,5) 106 106
OK   A200886(1,6) 252 252
OK   A200871(1,6) 161 161
OK   A200886(1,7) 372 372
OK   A200871(1,7) 232 232
OK   A200886(1,8) 525 525
OK   A200871(1,8) 321 321
OK   A200886(1,9) 715 715
OK   A200871(1,9) 430 430
OK   A200886(1,10) 946 946
OK   A200871(1,10) 561 561
OK   A200886(2,1) 12 12
OK   A200871(2,1) 10 10
OK   A200886(2,2) 51 51
OK   A200871(2,2) 37 37
OK   A200886(2,3) 144 144
OK   A200871(2,3) 94 94
OK   A200886(2,4) 325 325
OK   A200871(2,4) 195 195
OK   A200886(2,5) 636 636
OK   A200871(2,5) 356 356
OK   A200886(2,6) 1127 1127
OK   A200871(2,6) 595 595
OK   A200886(2,7) 1856 1856
OK   A200871(2,7) 932 932
OK   A200886(2,8) 2889 2889
OK   A200871(2,8) 1389 1389
OK   A200886(2,9) 4300 4300
OK   A200871(2,9) 1990 1990
OK   A200886(3,1) 21 21
OK   A200871(3,1) 16 16
OK   A200886(3,2) 121 121
OK   A200871(3,2) 77 77
OK   A200886(3,3) 422 422
OK   A200871(3,3) 236 236
OK   A200886(3,4) 1121 1121
OK   A200871(3,4) 567 567
OK   A200886(3,5) 2507 2507
OK   A200871(3,5) 1168 1168
OK   A200886(3,6) 4977 4977
OK   A200871(3,6) 2163 2163
OK   A200886(3,7) 9052 9052
OK   A200871(3,7) 3704 3704
OK   A200886(3,8) 15393 15393
OK   A200871(3,8) 5973 5973
OK   A200886(4,1) 37 37
OK   A200871(4,1) 26 26
OK   A200886(4,2) 292 292
OK   A200871(4,2) 163 163
OK   A200886(4,3) 1268 1268
OK   A200871(4,3) 602 602
OK   A200886(4,4) 3985 3985
OK   A200871(4,4) 1673 1673
OK   A200886(4,5) 10213 10213
OK   A200871(4,5) 3886 3886
OK   A200886(4,6) 22736 22736
OK   A200871(4,6) 7973 7973
OK   A200871(4,7) 14932 14932
OK   A200886(5,1) 65 65
OK   A200871(5,1) 42 42
OK   A200886(5,2) 704 704
OK   A200871(5,2) 343 343
OK   A200886(5,3) 3823 3823
OK   A200871(5,3) 1528 1528
OK   A200886(5,4) 14288 14288
OK   A200871(5,4) 4917 4917
OK   A200886(5,5) 42182 42182
OK   A200871(5,5) 12890 12890
OK   A200886(6,1) 114 114
OK   A200871(6,1) 68 68
OK   A200886(6,2) 1691 1691
OK   A200871(6,2) 723 723
OK   A200886(6,3) 11472 11472
OK   A200871(6,3) 3882 3882
OK   A200886(7,1) 200 200
OK   A200871(7,1) 110 110
OK   A200886(7,2) 4059 4059
OK   A200871(7,2) 1523 1523
OK   A200886(7,3) 34350 34350
OK   A200871(7,3) 9858 9858
OK   A200886(8,1) 351 351
OK   A200871(8,1) 178 178
OK   A200886(8,2) 9749 9749
OK   A200871(8,2) 3209 3209
OK   A200886(9,1) 616 616
OK   A200871(9,1) 288 288
OK   A202882(1) 1 1
OK   A202882(2) 3 3
OK   A202882(3) 9 9
OK   A202882(4) 22 22
OK   A202882(5) 51 51
OK   A202882(6) 121 121
OK   A202882(7) 292 292
OK   A202882(8) 704 704
OK   A202882(9) 1691 1691
OK   A202882(10) 4059 4059
OK   A202882(11) 9749 9749
OK   A203094(1) 1 1
OK   A203094(2) 4 4
OK   A203094(3) 16 16
OK   A203094(4) 50 50
OK   A203094(5) 144 144
OK   A203094(6) 422 422
OK   A203094(7) 1268 1268
OK   A203094(8) 3823 3823
OK   A203094(9) 11472 11472
OK   A203184(1) 1 1
OK   A203184(2) 5 5
OK   A203184(3) 25 25
OK   A203184(4) 95 95
OK   A203184(5) 325 325
OK   A203184(6) 1121 1121
OK   A203184(7) 3985 3985
OK   A203050(1) 1 1
OK   A203050(2) 6 6
OK   A203050(3) 36 36
OK   A203050(4) 161 161
OK   A203050(5) 636 636
OK   A203050(6) 2507 2507
OK   A203050(7) 10213 10213
OK   A203059(1) 1 1
OK   A203059(2) 7 7
OK   A203059(3) 49 49
OK   A203059(4) 252 252
OK   A203059(5) 1127 1127
OK   A203059(6) 4977 4977
OK   A202909(1) 1 1
OK   A202909(2) 8 8
OK   A202909(3) 64 64
OK   A202909(4) 372 372
OK   A202909(5) 1856 1856
OK   A202909(6) 9052 9052
OK   A202889(1,1) 1 1
OK   A202889(1,2) 3 3
OK   A202889(1,3) 9 9
OK   A202889(1,4) 22 22
OK   A202889(1,5) 51 51
OK   A202889(1,6) 121 121
OK   A202889(1,7) 292 292
OK   A202889(2,1) 3 3
OK   A202889(2,2) 35 35
OK   A202889(2,3) 265 265
OK   A202889(2,4) 1849 1849
OK   A202889(2,5) 13345 13345
OK   A202889(3,1) 9 9
OK   A202889(3,2) 265 265
OK   A202889(3,3) 5493 5493
OK   A202889(4,1) 22 22
OK   A202889(4,2) 1849 1849
OK   A202889(5,1) 51 51
OK   A202889(5,2) 13345 13345
OK   A202889(6,1) 121 121
OK   A202889(7,1) 292 292
OK   A203101(1,1) 1 1
OK   A203101(1,2) 4 4
OK   A203101(1,3) 16 16
OK   A203101(1,4) 50 50
OK   A203101(1,5) 144 144
OK   A203101(1,6) 422 422
OK   A203101(1,7) 1268 1268
OK   A203101(2,1) 4 4
OK   A203101(2,2) 84 84
OK   A203101(2,3) 1080 1080
OK   A203101(2,4) 12260 12260
OK   A203101(3,1) 16 16
OK   A203101(3,2) 1080 1080
OK   A203101(3,3) 48552 48552
OK   A203101(4,1) 50 50
OK   A203101(4,2) 12260 12260
OK   A203101(5,1) 144 144
OK   A203101(6,1) 422 422
OK   A203101(7,1) 1268 1268
OK   A203191(1,1) 1 1
OK   A203191(1,2) 5 5
OK   A203191(1,3) 25 25
OK   A203191(1,4) 95 95
OK   A203191(1,5) 325 325
OK   A203191(1,6) 1121 1121
OK   A203191(1,7) 3985 3985
OK   A203191(2,1) 5 5
OK   A203191(2,2) 165 165
OK   A203191(2,3) 3209 3209
OK   A203191(3,1) 25 25
OK   A203191(3,2) 3209 3209
OK   A203191(4,1) 95 95
OK   A203191(5,1) 325 325
OK   A203191(6,1) 1121 1121
OK   A203191(7,1) 3985 3985
OK   A203057(1,1) 1 1
OK   A203057(1,2) 6 6
OK   A203057(1,3) 36 36
OK   A203057(1,4) 161 161
OK   A203057(1,5) 636 636
OK   A203057(1,6) 2507 2507
OK   A203057(1,7) 10213 10213
OK   A203057(2,1) 6 6
OK   A203057(2,2) 286 286
OK   A203057(2,3) 7820 7820
OK   A203057(3,1) 36 36
OK   A203057(3,2) 7820 7820
OK   A203057(4,1) 161 161
OK   A203057(5,1) 636 636
OK   A203057(6,1) 2507 2507
OK   A203057(7,1) 10213 10213
OK   A203066(1,1) 1 1
OK   A203066(1,2) 7 7
OK   A203066(1,3) 49 49
OK   A203066(1,4) 252 252
OK   A203066(1,5) 1127 1127
OK   A203066(1,6) 4977 4977
OK   A203066(2,1) 7 7
OK   A203066(2,2) 455 455
OK   A203066(2,3) 16625 16625
OK   A203066(3,1) 49 49
OK   A203066(3,2) 16625 16625
OK   A203066(4,1) 252 252
OK   A203066(5,1) 1127 1127
OK   A203066(6,1) 4977 4977
OK   A202916(1,1) 1 1
OK   A202916(1,2) 8 8
OK   A202916(1,3) 64 64
OK   A202916(1,4) 372 372
OK   A202916(1,5) 1856 1856
OK   A202916(1,6) 9052 9052
OK   A202916(2,1) 8 8
OK   A202916(2,2) 680 680
OK   A202916(2,3) 31984 31984
OK   A202916(3,1) 64 64
OK   A202916(3,2) 31984 31984
OK   A202916(4,1) 372 372
OK   A202916(5,1) 1856 1856
OK   A202916(6,1) 9052 9052
OK   A217450(1) 3 3
OK   A217450(2) 3 3
OK   A217450(3) 9 9
OK   A217450(4) 17 17
OK   A217450(5) 37 37
OK   A217450(6) 77 77
OK   A217450(7) 163 163
OK   A217450(8) 343 343
OK   A217450(9) 723 723
OK   A217450(10) 1523 1523
OK   A217450(11) 3209 3209
OK   A218051(1) 4 4
OK   A218051(2) 4 4
OK   A218051(3) 16 16
OK   A218051(4) 36 36
OK   A218051(5) 94 94
OK   A218051(6) 236 236
OK   A218051(7) 602 602
OK   A218051(8) 1528 1528
OK   A218051(9) 3882 3882
OK   A217637(1,1) 2 2
OK   A217637(1,2) 2 2
OK   A217637(2,1) 2 2
OK   A217637(2,2) 6 6
OK   A217637(3,1) 4 4
OK   A217637(3,2) 16 16
OK   A217637(4,1) 6 6
OK   A217637(4,2) 38 38
OK   A217637(5,1) 10 10
OK   A217637(5,2) 98 98
OK   A217637(6,1) 16 16
OK   A217637(6,2) 244 244
OK   A217637(7,1) 26 26
OK   A217637(7,2) 614 614
OK   A217637(8,1) 42 42
OK   A217637(8,2) 1542 1542
OK   A217637(9,1) 68 68
OK   A217457(1,1) 3 3
OK   A217457(1,2) 3 3
OK   A217457(2,1) 3 3
OK   A217457(2,2) 15 15
OK   A217457(3,1) 9 9
OK   A217457(3,2) 69 69
OK   A217457(4,1) 17 17
OK   A217457(4,2) 253 253
OK   A217457(5,1) 37 37
OK   A217457(5,2) 1049 1049
OK   A217457(6,1) 77 77
OK   A217457(7,1) 163 163
OK   A217457(8,1) 343 343
OK   A218181(1,1) 4 4
OK   A218181(1,2) 4 4
OK   A218181(2,1) 4 4
OK   A218181(2,2) 28 28
OK   A218181(3,1) 16 16
OK   A218181(3,2) 192 192
OK   A218181(4,1) 36 36
OK   A218181(4,2) 956 956
OK   A218181(5,1) 94 94
OK   A218181(6,1) 236 236
OK   A218181(7,1) 602 602
OK   A218181(8,1) 1528 1528
OK   A218084(1,1) 2 2
OK   A218084(2,1) 2 2
OK   A218084(3,1) 4 4
OK   A218084(4,1) 6 6
OK   A218084(5,1) 10 10
OK   A218084(6,1) 16 16
OK   A218084(7,1) 26 26
OK   A218084(8,1) 42 42
OK   A218084(9,1) 68 68
OK   A218084(10,1) 110 110
OK   A217645(1,1) 3 3
OK   A217645(2,1) 3 3
OK   A217645(3,1) 9 9
OK   A217645(4,1) 17 17
OK   A217645(5,1) 37 37
OK   A217645(6,1) 77 77
OK   A217645(7,1) 163 163
OK   A217645(8,1) 343 343
OK   A217645(9,1) 723 723
OK   A218651(1,1) 4 4
OK   A218651(2,1) 4 4
OK   A218651(3,1) 16 16
OK   A218651(4,1) 36 36
OK   A218651(5,1) 94 94
OK   A218651(6,1) 236 236
OK   A218651(7,1) 602 602
OK   A218651(8,1) 1528 1528
OK   A217982(1,1) 2 2
OK   A217982(1,2) 2 2
OK   A217982(2,1) 2 2
OK   A217982(2,2) 2 2
OK   A217982(3,1) 4 4
OK   A217982(3,2) 4 4
OK   A217982(4,1) 6 6
OK   A217982(4,2) 6 6
OK   A217982(5,1) 10 10
OK   A217982(5,2) 10 10
OK   A217982(6,1) 16 16
OK   A217982(6,2) 16 16
OK   A217982(7,1) 26 26
OK   A217982(7,2) 26 26
OK   A217982(8,1) 42 42
OK   A217982(8,2) 42 42
OK   A217982(9,1) 68 68
OK   A217982(9,2) 68 68
OK   A217982(10,1) 110 110
OK   A217547(1,1) 3 3
OK   A217547(1,2) 3 3
OK   A217547(2,1) 3 3
OK   A217547(2,2) 3 3
OK   A217547(3,1) 9 9
OK   A217547(3,2) 9 9
OK   A217547(4,1) 17 17
OK   A217547(4,2) 17 17
OK   A217547(5,1) 37 37
OK   A217547(5,2) 37 37
OK   A217547(6,1) 77 77
OK   A217547(7,1) 163 163
OK   A217547(8,1) 343 343
OK   A217547(9,1) 723 723
OK   A218056(1,1) 4 4
OK   A218056(1,2) 4 4
OK   A218056(2,1) 4 4
OK   A218056(2,2) 4 4
OK   A218056(3,1) 16 16
OK   A218056(3,2) 16 16
OK   A218056(4,1) 36 36
OK   A218056(4,2) 36 36
OK   A218056(5,1) 94 94
OK   A218056(6,1) 236 236
OK   A218056(7,1) 602 602
OK   A218056(8,1) 1528 1528
OK   A218056(9,1) 3882 3882
OK   A217883(1,2) 3 3
OK   A217883(2,2) 9 9
OK   A217883(3,2) 22 22
OK   A217883(4,2) 51 51
OK   A217883(5,2) 121 121
OK   A217883(6,2) 292 292
OK   A217883(7,2) 704 704
OK   A217883(8,2) 1691 1691
OK   A217883(9,2) 4059 4059
OK   A217883(10,2) 9749 9749
OK   A217954(1,2) 4 4
OK   A217954(2,2) 16 16
OK   A217954(3,2) 50 50
OK   A217954(4,2) 144 144
OK   A217954(5,2) 422 422
OK   A217954(6,2) 1268 1268
OK   A217954(7,2) 3823 3823
OK   A217954(8,2) 11472 11472
TOTAL checks 564 failures 0
