host: priority nice 10, CPUs [1, 2, 3], 3 CPUs
条件：ramp 对 ramp，对手卡表已知（牌序、手牌未知）
  …50 局 114s
25 对（50 局）：A 得分 52.0% ± 13.2%（95% 区间 38.8%～65.2%），CR 分差约 +19（-108～+149；游戏稳态公式 +16，-90～+122，窗口内），LLR -0.06（判定线 -2.94 / 2.94）→ 未判定
  …100 局 202s
50 对（100 局）：A 得分 55.0% ± 8.0%（95% 区间 47.0%～63.0%），CR 分差约 +47（-29～+126；游戏稳态公式 +40，-24～+104，窗口内），LLR +0.76（判定线 -2.94 / 2.94）→ 未判定
  …150 局 265s
75 对（150 局）：A 得分 54.7% ± 6.2%（95% 区间 48.4%～60.9%），CR 分差约 +44（-15～+104；游戏稳态公式 +37，-12～+87，窗口内），LLR +1.09（判定线 -2.94 / 2.94）→ 未判定
  …200 局 328s
100 对（200 局）：A 得分 54.5% ± 5.2%（95% 区间 49.3%～59.7%），CR 分差约 +43（-7～+93；游戏稳态公式 +36，-6～+78，窗口内），LLR +1.42（判定线 -2.94 / 2.94）→ 未判定
  …250 局 391s
125 对（250 局）：A 得分 54.4% ± 4.5%（95% 区间 49.9%～58.9%），CR 分差约 +42（-1～+84；游戏稳态公式 +35，-0～+71，窗口内），LLR +1.85（判定线 -2.94 / 2.94）→ 未判定
  …300 局 463s
150 对（300 局）：A 得分 54.3% ± 4.1%（95% 区间 50.2%～58.5%），CR 分差约 +41（+2～+81；游戏稳态公式 +35，+2～+68，窗口内），LLR +2.07（判定线 -2.94 / 2.94）→ 未判定
  …350 局 531s
175 对（350 局）：A 得分 54.3% ± 3.9%（95% 区间 50.4%～58.2%），CR 分差约 +41（+4～+78；游戏稳态公式 +34，+3～+65，窗口内），LLR +2.29（判定线 -2.94 / 2.94）→ 未判定
  …400 局 599s
200 对（400 局）：A 得分 53.8% ± 3.7%（95% 区间 50.1%～57.4%），CR 分差约 +35（+1～+71；游戏稳态公式 +30，+1～+59，窗口内），LLR +1.79（判定线 -2.94 / 2.94）→ 未判定
  …450 局 666s
225 对（450 局）：A 得分 53.8% ± 3.5%（95% 区间 50.3%～57.3%），CR 分差约 +36（+3～+69；游戏稳态公式 +30，+2～+58，窗口内），LLR +2.03（判定线 -2.94 / 2.94）→ 未判定
  …500 局 741s
250 对（500 局）：A 得分 53.8% ± 3.4%（95% 区间 50.4%～57.2%），CR 分差约 +36（+4～+69；游戏稳态公式 +30，+3～+58，窗口内），LLR +2.15（判定线 -2.94 / 2.94）→ 未判定
  …550 局 800s
275 对（550 局）：A 得分 53.1% ± 3.4%（95% 区间 49.7%～56.5%），CR 分差约 +29（-3～+61；游戏稳态公式 +25，-2～+52，窗口内），LLR +0.99（判定线 -2.94 / 2.94）→ 未判定
  …600 局 865s
300 对（600 局）：A 得分 53.0% ± 3.2%（95% 区间 49.8%～56.2%），CR 分差约 +28（-2～+59；游戏稳态公式 +24，-2～+50，窗口内），LLR +0.93（判定线 -2.94 / 2.94）→ 未判定
300 对（600 局）：A 得分 53.0% ± 3.2%（95% 区间 49.8%～56.2%），CR 分差约 +28（-2～+59；游戏稳态公式 +24，-2～+50，窗口内），LLR +0.93（判定线 -2.94 / 2.94）→ 未判定
按真实先后手：A 先手 300 局 63.7% ± 5.5%；A 后手 300 局 42.3% ± 5.6%
两局着法完全一样的对：1 / 300（0%）
