host: priority nice 10, CPUs [1, 2, 3], 3 CPUs
host: --workers capped at 3 (3 CPUs off CPU0)
条件：ramp 对 ramp，对手卡表已知（牌序、手牌未知）
  …50 局 313s
25 对（50 局）：A 得分 54.0% ± 7.8%（95% 区间 46.2%～61.8%），CR 分差约 +38（-36～+114；游戏稳态公式 +32，-31～+95，窗口内），LLR +0.49（判定线 -2.94 / 2.94）→ 未判定
  …100 局 722s
50 对（100 局）：A 得分 51.0% ± 4.4%（95% 区间 46.6%～55.4%），CR 分差约 +9（-32～+51；游戏稳态公式 +8，-27～+43，窗口内），LLR -1.51（判定线 -2.94 / 2.94）→ 未判定
  …150 局 1076s
75 对（150 局）：A 得分 50.0% ± 3.7%（95% 区间 46.3%～53.7%），CR 分差约 +0（-35～+35；游戏稳态公式 +0，-30～+30，窗口内），LLR -3.52（判定线 -2.94 / 2.94）→ H0（没有变强）
  …200 局 1461s
100 对（200 局）：A 得分 51.5% ± 3.3%（95% 区间 48.2%～54.8%），CR 分差约 +14（-17～+45；游戏稳态公式 +12，-14～+38，窗口内），LLR -1.83（判定线 -2.94 / 2.94）→ 未判定
  …250 局 1828s
125 对（250 局）：A 得分 51.6% ± 3.1%（95% 区间 48.5%～54.7%），CR 分差约 +15（-15～+45；游戏稳态公式 +13，-12～+38，窗口内），LLR -1.77（判定线 -2.94 / 2.94）→ 未判定
  …300 局 2211s
150 对（300 局）：A 得分 51.7% ± 2.7%（95% 区间 49.0%～54.4%），CR 分差约 +16（-10～+41；游戏稳态公式 +13，-8～+35，窗口内），LLR -2.23（判定线 -2.94 / 2.94）→ 未判定
  …350 局 2566s
175 对（350 局）：A 得分 51.7% ± 2.5%（95% 区间 49.2%～54.2%），CR 分差约 +16（-7～+40；游戏稳态公式 +14，-6～+34，窗口内），LLR -2.43（判定线 -2.94 / 2.94）→ 未判定
  …400 局 2948s
200 对（400 局）：A 得分 51.0% ± 2.3%（95% 区间 48.7%～53.3%），CR 分差约 +9（-12～+31；游戏稳态公式 +8，-10～+26，窗口内），LLR -5.47（判定线 -2.94 / 2.94）→ H0（没有变强）
  …450 局 3281s
225 对（450 局）：A 得分 51.1% ± 2.3%（95% 区间 48.8%～53.4%），CR 分差约 +10（-11～+32；游戏稳态公式 +9，-9～+27，窗口内），LLR -5.23（判定线 -2.94 / 2.94）→ H0（没有变强）
  …500 局 3630s
250 对（500 局）：A 得分 50.8% ± 2.1%（95% 区间 48.7%～52.9%），CR 分差约 +8（-13～+28；游戏稳态公式 +6，-11～+24，窗口内），LLR -7.10（判定线 -2.94 / 2.94）→ H0（没有变强）
  …550 局 3990s
275 对（550 局）：A 得分 50.5% ± 2.2%（95% 区间 48.4%～52.7%），CR 分差约 +5（-15～+26；游戏稳态公式 +4，-13～+22，窗口内），LLR -8.00（判定线 -2.94 / 2.94）→ H0（没有变强）
  …600 局 4329s
300 对（600 局）：A 得分 50.8% ± 2.0%（95% 区间 48.8%～52.9%），CR 分差约 +8（-11～+27；游戏稳态公式 +7，-10～+23，窗口内），LLR -7.71（判定线 -2.94 / 2.94）→ H0（没有变强）
300 对（600 局）：A 得分 50.8% ± 2.0%（95% 区间 48.8%～52.9%），CR 分差约 +8（-11～+27；游戏稳态公式 +7，-10～+23，窗口内），LLR -7.71（判定线 -2.94 / 2.94）→ H0（没有变强）
按真实先后手：A 先手 300 局 61.3% ± 5.5%；A 后手 300 局 40.3% ± 5.6%
两局着法完全一样的对：30 / 300（10%）
