条件：A 对手卡表由揭示牌推断（后验混合），B 已知（牌序、手牌未知）
  10 个种子，B 得分 0.550，LLR +0.17（-2.94～2.94）
  20 个种子，B 得分 0.575，LLR +0.88（-2.94～2.94）
  30 个种子，B 得分 0.517，LLR -0.17（-2.94～2.94）
  40 个种子，B 得分 0.525，LLR +0.00（-2.94～2.94）
  50 个种子，B 得分 0.520，LLR -0.16（-2.94～2.94）
  60 个种子，B 得分 0.525，LLR +0.00（-2.94～2.94）
  70 个种子，B 得分 0.507，LLR -0.83（-2.94～2.94）
  80 个种子，B 得分 0.525，LLR +0.00（-2.94～2.94）
  90 个种子，B 得分 0.528，LLR +0.17（-2.94～2.94）
  100 个种子，B 得分 0.525，LLR +0.00（-2.94～2.94）
  110 个种子，B 得分 0.527，LLR +0.16（-2.94～2.94）
  120 个种子，B 得分 0.537，LLR +0.99（-2.94～2.94）
  130 个种子，B 得分 0.523，LLR -0.16（-2.94～2.94）
  140 个种子，B 得分 0.532，LLR +0.66（-2.94～2.94）
  150 个种子，B 得分 0.533，LLR +0.83（-2.94～2.94）
  160 个种子，B 得分 0.541，LLR +1.67（-2.94～2.94）
  170 个种子，B 得分 0.538，LLR +1.53（-2.94～2.94）
  180 个种子，B 得分 0.539，LLR +1.70（-2.94～2.94）
  190 个种子，B 得分 0.537，LLR +1.56（-2.94～2.94）
  200 个种子，B 得分 0.542，LLR +2.35（-2.94～2.94）
  210 个种子，B 得分 0.538，LLR +1.90（-2.94～2.94）
  220 个种子，B 得分 0.534，LLR +1.38（-2.94～2.94）
  230 个种子，B 得分 0.537，LLR +1.92（-2.94～2.94）
  240 个种子，B 得分 0.535，LLR +1.82（-2.94～2.94）
  250 个种子，B 得分 0.538，LLR +2.34（-2.94～2.94）
  260 个种子，B 得分 0.535，LLR +1.84（-2.94～2.94）
  270 个种子，B 得分 0.539，LLR +2.76（-2.94～2.94）
SPRT 停：H1（已知卡表强 5 点以上），272 个种子
条件：A 对手卡表由揭示牌推断（后验混合），B 已知（牌序、手牌未知）
== sprt.jsonl：272 个种子，A 对 B 544 局，另有对照 272 局
条件：A 对手卡表由揭示牌推断（后验混合），B 已知（牌序、手牌未知）。前提：四套比赛卡组都和某张比赛卡表 40/40 相同，这是推断的最好情况。
  A（推断）对 B（已知）的得分：46.0% ± 3.1%（按种子配对）；CR 稳态式 -32（-57～-7）
  推断方打跳费龙（推断旗皇的卡表）：推断方 29.8%，对照（双方已知）37.5%，差 -7.7% ± 6.2%（99 个种子和对照同胜负同回合数）
      推断方先手：115 局，差 -4.3% ± 9.5%
      推断方后手：157 局，差 -10.2% ± 8.2%
  推断方打旗皇（推断跳费龙的卡表）：推断方 62.1%，对照（双方已知）62.5%，差 -0.4% ± 1.6%（260 个种子和对照同胜负同回合数）
      推断方先手：157 局，差 -0.6% ± 2.2%
      推断方后手：115 局，差 +0.0% ± 2.4%
  思考时间 A / B = 1.078（同搜索同迭代数；比值只报告，不调）

== fixed.jsonl：300 个种子，A 对 B 600 局，另有对照 300 局
条件：A 对手卡表由揭示牌推断（后验混合），B 已知（牌序、手牌未知）。前提：四套比赛卡组都和某张比赛卡表 40/40 相同，这是推断的最好情况。
  A（推断）对 B（已知）的得分：51.0% ± 2.7%（按种子配对）；CR 稳态式 +8（-14～+30）
  推断方打跳费龙（推断旗皇的卡表）：推断方 38.0%，对照（双方已知）36.3%，差 +1.7% ± 5.7%（106 个种子和对照同胜负同回合数）
      推断方先手：150 局，差 -0.7% ± 8.2%
      推断方后手：150 局，差 +4.0% ± 7.8%
  推断方打旗皇（推断跳费龙的卡表）：推断方 64.0%，对照（双方已知）63.7%，差 +0.3% ± 1.7%（280 个种子和对照同胜负同回合数）
      推断方先手：150 局，差 -0.7% ± 2.3%
      推断方后手：150 局，差 +1.3% ± 2.6%
  思考时间 A / B = 1.082（同搜索同迭代数；比值只报告，不调）

