条件：A、B 轮流打 nemesis-t，elf-t 由 mcts:100+plan+learned+phased 打（同一副发牌两边各坐一次 0 号位、1 号位；一对的得分 = 0.5 + A 的得分 − B 的得分），对手卡表已知（牌序、手牌未知）
  …100 局 115s
25 对（100 局）：A 得分 56.0% ± 13.1%（95% 区间 42.9%～69.1%），CR 分差约 +57（-67～+189；游戏稳态公式 +48，-56～+152，窗口内），LLR +0.41（判定线 -2.94 / 2.94）→ 未判定
  …200 局 225s
50 对（200 局）：A 得分 60.0% ± 9.3%（95% 区间 50.7%～69.3%），CR 分差约 +96（+7～+192；游戏稳态公式 +80，+6～+154，窗口内），LLR +1.70（判定线 -2.94 / 2.94）→ 未判定
条件：ramp-t 对 ramp-t，对手卡表已知（牌序、手牌未知）
  …50 局 96s
25 对（50 局）：A 得分 34.0% ± 10.9%（95% 区间 23.1%～44.9%），CR 分差约 -157（-284～-48；游戏稳态公式 -128，<−175～-41，窗口内），LLR -3.11（判定线 -2.94 / 2.94）→ H0（没有变强）
  …100 局 197s
50 对（100 局）：A 得分 41.0% ± 8.3%（95% 区间 32.7%～49.3%），CR 分差约 -86（-170～-7；游戏稳态公式 -72，-138～-6，窗口内），LLR -3.31（判定线 -2.94 / 2.94）→ H0（没有变强）
  …150 局 301s
75 对（150 局）：A 得分 42.0% ± 7.0%（95% 区间 35.0%～49.0%），CR 分差约 -76（-146～-10；游戏稳态公式 -64，-120～-8，窗口内），LLR -4.21（判定线 -2.94 / 2.94）→ H0（没有变强）
  …200 局 363s
100 对（200 局）：A 得分 44.5% ± 5.9%（95% 区间 38.6%～50.4%），CR 分差约 -52（-109～+4；游戏稳态公式 -44，-91～+3，窗口内），LLR -4.47（判定线 -2.94 / 2.94）→ H0（没有变强）
  …250 局 419s
125 对（250 局）：A 得分 42.4% ± 5.3%（95% 区间 37.1%～47.7%），CR 分差约 -72（-125～-21；游戏稳态公式 -61，-104～-18，窗口内），LLR -6.84（判定线 -2.94 / 2.94）→ H0（没有变强）
  …300 局 503s
150 对（300 局）：A 得分 42.3% ± 4.9%（95% 区间 37.5%～47.2%），CR 分差约 -73（-121～-26；游戏稳态公式 -61，-100～-22，窗口内），LLR -8.25（判定线 -2.94 / 2.94）→ H0（没有变强）
  …350 局 591s
175 对（350 局）：A 得分 42.0% ± 4.6%（95% 区间 37.4%～46.6%），CR 分差约 -76（-122～-32；游戏稳态公式 -64，-101～-27，窗口内），LLR -9.52（判定线 -2.94 / 2.94）→ H0（没有变强）
  …400 局 680s
200 对（400 局）：A 得分 43.0% ± 4.3%（95% 区间 38.7%～47.3%），CR 分差约 -67（-109～-25；游戏稳态公式 -56，-91～-21，窗口内），LLR -9.73（判定线 -2.94 / 2.94）→ H0（没有变强）
  …450 局 766s
225 对（450 局）：A 得分 42.4% ± 4.0%（95% 区间 38.4%～46.5%），CR 分差约 -72（-111～-33；游戏稳态公式 -60，-93～-28，窗口内），LLR -12.00（判定线 -2.94 / 2.94）→ H0（没有变强）
  …500 局 834s
250 对（500 局）：A 得分 43.2% ± 3.8%（95% 区间 39.4%～47.0%），CR 分差约 -65（-102～-28；游戏稳态公式 -54，-85～-24，窗口内），LLR -12.19（判定线 -2.94 / 2.94）→ H0（没有变强）
  …550 局 895s
275 对（550 局）：A 得分 44.2% ± 3.6%（95% 区间 40.5%～47.8%），CR 分差约 -55（-90～-21；游戏稳态公式 -47，-76～-17，窗口内），LLR -12.07（判定线 -2.94 / 2.94）→ H0（没有变强）
  …600 局 959s
300 对（600 局）：A 得分 44.8% ± 3.5%（95% 区间 41.4%～48.3%），CR 分差约 -49（-82～-16；游戏稳态公式 -41，-69～-14，窗口内），LLR -12.34（判定线 -2.94 / 2.94）→ H0（没有变强）
300 对（600 局）：A 得分 44.8% ± 3.5%（95% 区间 41.4%～48.3%），CR 分差约 -49（-82～-16；游戏稳态公式 -41，-69～-14，窗口内），LLR -12.34（判定线 -2.94 / 2.94）→ H0（没有变强）
按真实先后手：A 先手 300 局 51.7% ± 5.7%；A 后手 300 局 38.0% ± 5.5%
两局着法完全一样的对：0 / 300（0%）
条件：A、B 轮流打 nemesis-t，elf-t 由 mcts:100+plan+learned+phased 打（同一副发牌两边各坐一次 0 号位、1 号位；一对的得分 = 0.5 + A 的得分 − B 的得分），对手卡表已知（牌序、手牌未知）
63 对（252 局）：A 得分 59.5% ± 8.3%（95% 区间 51.3%～67.8%），CR 分差约 +91（+12～+175；游戏稳态公式 +76，+10～+142，窗口内），LLR +2.01（判定线 -2.94 / 2.94）→ 未判定
  …300 局 77s
75 对（300 局）：A 得分 60.0% ± 7.4%（95% 区间 52.6%～67.4%），CR 分差约 +96（+24～+172；游戏稳态公式 +80，+20～+140，窗口内），LLR +2.64（判定线 -2.94 / 2.94）→ 未判定
  …400 局 252s
100 对（400 局）：A 得分 60.5% ± 6.7%（95% 区间 53.8%～67.2%），CR 分差约 +101（+36～+170；游戏稳态公式 +84，+30～+138，窗口内），LLR +3.43（判定线 -2.94 / 2.94）→ H1（A 更强）
100 对（400 局）：A 得分 60.5% ± 6.7%（95% 区间 53.8%～67.2%），CR 分差约 +101（+36～+170；游戏稳态公式 +84，+30～+138，窗口内），LLR +3.43（判定线 -2.94 / 2.94）→ H1（A 更强）
按真实先后手：A 先手 100 局 55.0% ± 9.8%；A 后手 100 局 57.0% ± 9.8%
B 按真实先后手：B 先手 100 局 48.0% ± 9.8%；B 后手 100 局 43.0% ± 9.8%
对 mcts:100+plan+learned+phased（打 elf-t）的胜率：A 56.0%，B 45.5%
A、B 在同一副发牌同一座位着法完全一样的局：0 / 200（0%）
条件：A、B 轮流打 elf-t，nemesis-t 由 mcts:100+plan+learned+phased 打（同一副发牌两边各坐一次 0 号位、1 号位；一对的得分 = 0.5 + A 的得分 − B 的得分），对手卡表已知（牌序、手牌未知）
  …100 局 183s
25 对（100 局）：A 得分 50.0% ± 19.6%（95% 区间 30.4%～69.6%），CR 分差约 +0（-195～+195；游戏稳态公式 +0，-157～+157，窗口内），LLR -0.13（判定线 -2.94 / 2.94）→ 未判定
  …200 局 344s
50 对（200 局）：A 得分 46.0% ± 13.7%（95% 区间 32.3%～59.7%），CR 分差约 -38（-174～+92；游戏稳态公式 -32，-141～+77，窗口内），LLR -0.68（判定线 -2.94 / 2.94）→ 未判定
  …300 局 505s
75 对（300 局）：A 得分 40.7% ± 10.8%（95% 区间 29.9%～51.5%），CR 分差约 -89（-201～+14；游戏稳态公式 -75，-161～+12，窗口内），LLR -1.98（判定线 -2.94 / 2.94）→ 未判定
  …400 局 666s
100 对（400 局）：A 得分 41.0% ± 9.1%（95% 区间 31.9%～50.1%），CR 分差约 -86（-179～+1；游戏稳态公式 -72，-145～+1，窗口内），LLR -2.71（判定线 -2.94 / 2.94）→ 未判定
  …500 局 818s
125 对（500 局）：A 得分 40.4% ± 7.7%（95% 区间 32.7%～48.1%），CR 分差约 -92（-170～-18；游戏稳态公式 -77，-138～-15，窗口内），LLR -3.96（判定线 -2.94 / 2.94）→ H0（没有变强）
125 对（500 局）：A 得分 40.4% ± 7.7%（95% 区间 32.7%～48.1%），CR 分差约 -92（-170～-18；游戏稳态公式 -77，-138～-15，窗口内），LLR -3.96（判定线 -2.94 / 2.94）→ H0（没有变强）
按真实先后手：A 先手 125 局 49.6% ± 8.8%；A 后手 125 局 46.4% ± 8.8%
B 按真实先后手：B 先手 125 局 56.8% ± 8.7%；B 后手 125 局 58.4% ± 8.7%
对 mcts:100+plan+learned+phased（打 nemesis-t）的胜率：A 48.0%，B 57.6%
A、B 在同一副发牌同一座位着法完全一样的局：0 / 250（0%）
条件：A、B 轮流打 pirate-t，elf-t 由 mcts:100+plan+learned+phased 打（同一副发牌两边各坐一次 0 号位、1 号位；一对的得分 = 0.5 + A 的得分 − B 的得分），对手卡表已知（牌序、手牌未知）
  …100 局 162s
25 对（100 局）：A 得分 44.0% ± 14.2%（95% 区间 29.8%～58.2%），CR 分差约 -57（-202～+78；游戏稳态公式 -48，-162～+66，窗口内），LLR -0.84（判定线 -2.94 / 2.94）→ 未判定
  …200 局 339s
50 对（200 局）：A 得分 43.0% ± 8.4%（95% 区间 34.6%～51.4%），CR 分差约 -67（-150～+13；游戏稳态公式 -56，-123～+11，窗口内），LLR -2.64（判定线 -2.94 / 2.94）→ 未判定
  …300 局 513s
75 对（300 局）：A 得分 50.0% ± 8.1%（95% 区间 41.9%～58.1%），CR 分差约 +0（-77～+77；游戏稳态公式 +0，-65～+65，窗口内），LLR -0.74（判定线 -2.94 / 2.94）→ 未判定
  …400 局 683s
100 对（400 局）：A 得分 49.5% ± 7.0%（95% 区间 42.5%～56.5%），CR 分差约 -5（-72～+62；游戏稳态公式 -4，-60～+52，窗口内），LLR -1.18（判定线 -2.94 / 2.94）→ 未判定
  …500 局 853s
125 对（500 局）：A 得分 47.6% ± 6.1%（95% 区间 41.5%～53.7%），CR 分差约 -23（-81～+35；游戏稳态公式 -19，-68～+29，窗口内），LLR -2.56（判定线 -2.94 / 2.94）→ 未判定
  …600 局 1008s
150 对（600 局）：A 得分 47.0% ± 5.5%（95% 区间 41.5%～52.5%），CR 分差约 -28（-81～+24；游戏稳态公式 -24，-68～+20，窗口内），LLR -3.51（判定线 -2.94 / 2.94）→ H0（没有变强）
150 对（600 局）：A 得分 47.0% ± 5.5%（95% 区间 41.5%～52.5%），CR 分差约 -28（-81～+24；游戏稳态公式 -24，-68～+20，窗口内），LLR -3.51（判定线 -2.94 / 2.94）→ H0（没有变强）
按真实先后手：A 先手 150 局 84.0% ± 5.9%；A 后手 150 局 68.7% ± 7.4%
B 按真实先后手：B 先手 150 局 84.7% ± 5.8%；B 后手 150 局 74.0% ± 7.0%
对 mcts:100+plan+learned+phased（打 elf-t）的胜率：A 76.3%，B 79.3%
A、B 在同一副发牌同一座位着法完全一样的局：0 / 300（0%）
