条件：A、B 轮流打 elf-t，ramp-t 由 v2s 打（同一副发牌两边各坐一次 0 号位、1 号位；一对的得分 = 0.5 + A 的得分 − B 的得分），对手卡表已知（牌序、手牌未知）
  …100 局 371s
25 对（100 局）：A 得分 58.0% ± 14.6%（95% 区间 43.4%～72.6%），CR 分差约 +76（-63～+230；游戏稳态公式 +64，-53～>+175，窗口内），LLR +0.51（判定线 -2.94 / 2.94）→ 未判定
  …200 局 736s
50 对（200 局）：A 得分 59.0% ± 9.6%（95% 区间 49.4%～68.6%），CR 分差约 +86（-5～+184；游戏稳态公式 +72，-5～+149，窗口内），LLR +1.39（判定线 -2.94 / 2.94）→ 未判定
  …300 局 1129s
75 对（300 局）：A 得分 54.0% ± 8.1%（95% 区间 45.9%～62.1%），CR 分差约 +38（-38～+116；游戏稳态公式 +32，-32～+96，窗口内），LLR +0.45（判定线 -2.94 / 2.94）→ 未判定
  …400 局 1541s
100 对（400 局）：A 得分 52.0% ± 7.1%（95% 区间 44.9%～59.1%），CR 分差约 +19（-48～+87；游戏稳态公式 +16，-41～+73，窗口内），LLR -0.19（判定线 -2.94 / 2.94）→ 未判定
  …500 局 1904s
125 对（500 局）：A 得分 50.8% ± 6.3%（95% 区间 44.5%～57.1%），CR 分差约 +8（-52～+67；游戏稳态公式 +6，-44～+57，窗口内），LLR -0.83（判定线 -2.94 / 2.94）→ 未判定
  …600 局 2255s
150 对（600 局）：A 得分 53.0% ± 5.9%（95% 区间 47.1%～58.9%），CR 分差约 +28（-27～+85；游戏稳态公式 +24，-23～+71，窗口内），LLR +0.28（判定线 -2.94 / 2.94）→ 未判定
  …700 局 2622s
175 对（700 局）：A 得分 53.1% ± 5.4%（95% 区间 47.7%～58.5%），CR 分差约 +30（-21～+81；游戏稳态公式 +25，-18～+68，窗口内），LLR +0.43（判定线 -2.94 / 2.94）→ 未判定
  …800 局 2971s
200 对（800 局）：A 得分 52.8% ± 5.2%（95% 区间 47.6%～57.9%），CR 分差约 +26（-23～+75；游戏稳态公式 +22，-19～+63，窗口内），LLR +0.18（判定线 -2.94 / 2.94）→ 未判定
  …900 局 3370s
225 对（900 局）：A 得分 52.0% ± 4.8%（95% 区间 47.2%～56.8%），CR 分差约 +19（-26～+64；游戏稳态公式 +16，-22～+54，窗口内），LLR -0.43（判定线 -2.94 / 2.94）→ 未判定
  …1000 局 3728s
250 对（1000 局）：A 得分 51.2% ± 4.4%（95% 区间 46.8%～55.6%），CR 分差约 +11（-30～+53；游戏稳态公式 +10，-26～+45，窗口内），LLR -1.29（判定线 -2.94 / 2.94）→ 未判定
  …1100 局 4106s
275 对（1100 局）：A 得分 51.8% ± 4.2%（95% 区间 47.6%～56.0%），CR 分差约 +17（-23～+57；游戏稳态公式 +15，-19～+48，窗口内），LLR -0.74（判定线 -2.94 / 2.94）→ 未判定
  …1200 局 4510s
300 对（1200 局）：A 得分 51.2% ± 4.1%（95% 区间 47.1%～55.2%），CR 分差约 +11（-27～+50；游戏稳态公式 +9，-23～+42，窗口内），LLR -1.55（判定线 -2.94 / 2.94）→ 未判定
300 对（1200 局）：A 得分 51.2% ± 4.1%（95% 区间 47.1%～55.2%），CR 分差约 +11（-27～+50；游戏稳态公式 +9，-23～+42，窗口内），LLR -1.55（判定线 -2.94 / 2.94）→ 未判定
按真实先后手：A 先手 300 局 64.3% ± 5.4%；A 后手 300 局 42.0% ± 5.6%
B 按真实先后手：B 先手 300 局 64.3% ± 5.4%；B 后手 300 局 39.7% ± 5.5%
对 v2s（打 ramp-t）的胜率：A 53.2%，B 52.0%
A、B 在同一副发牌同一座位着法完全一样的局：1 / 600（0%）
