{"k": 0, "spec": "mcts:200+plan+learned+phased", "ms": 26, "decisions": 3, "search_decisions": 3, "pick_ms": 0, "chosen": null, "plans": 0}
{"k": 0, "spec": "mcts:200+plan+learned+phased+pick", "ms": 2, "decisions": 3, "search_decisions": 3, "pick_ms": 0, "chosen": null, "plans": 0}
{"k": 0, "spec": "mcts:200+plan+learned+phased+pickd8i50", "ms": 2, "decisions": 3, "search_decisions": 3, "pick_ms": 0, "chosen": null, "plans": 0}
{"k": 1, "spec": "mcts:200+plan+learned+phased", "ms": 354, "decisions": 2, "search_decisions": 2, "pick_ms": 0, "chosen": null, "plans": 0}
{"k": 1, "spec": "mcts:200+plan+learned+phased+pick", "ms": 667, "decisions": 2, "search_decisions": 2, "pick_ms": 441, "chosen": "bot", "plans": 3}
{"k": 1, "spec": "mcts:200+plan+learned+phased+pickd8i50", "ms": 513, "decisions": 2, "search_decisions": 2, "pick_ms": 293, "chosen": "bot", "plans": 3}
{"k": 2, "spec": "mcts:200+plan+learned+phased", "ms": 467, "decisions": 4, "search_decisions": 3, "pick_ms": 0, "chosen": null, "plans": 0}
{"k": 2, "spec": "mcts:200+plan+learned+phased+pick", "ms": 1402, "decisions": 4, "search_decisions": 3, "pick_ms": 990, "chosen": "bot", "plans": 3}
{"k": 2, "spec": "mcts:200+plan+learned+phased+pickd8i50", "ms": 1073, "decisions": 4, "search_decisions": 3, "pick_ms": 593, "chosen": "bot", "plans": 3}
{"k": 3, "spec": "mcts:200+plan+learned+phased", "ms": 367, "decisions": 2, "search_decisions": 1, "pick_ms": 0, "chosen": null, "plans": 0}
{"k": 3, "spec": "mcts:200+plan+learned+phased+pick", "ms": 1600, "decisions": 5, "search_decisions": 4, "pick_ms": 1442, "chosen": "second", "plans": 3}
{"k": 3, "spec": "mcts:200+plan+learned+phased+pickd8i50", "ms": 1091, "decisions": 2, "search_decisions": 1, "pick_ms": 755, "chosen": "bot", "plans": 3}
{"k": 4, "spec": "mcts:200+plan+learned+phased", "ms": 393, "decisions": 4, "search_decisions": 3, "pick_ms": 0, "chosen": null, "plans": 0}
{"k": 4, "spec": "mcts:200+plan+learned+phased+pick", "ms": 793, "decisions": 4, "search_decisions": 3, "pick_ms": 404, "chosen": "bot", "plans": 3}
{"k": 4, "spec": "mcts:200+plan+learned+phased+pickd8i50", "ms": 704, "decisions": 4, "search_decisions": 3, "pick_ms": 311, "chosen": "bot", "plans": 3}
{"k": 5, "spec": "mcts:200+plan+learned+phased", "ms": 385, "decisions": 3, "search_decisions": 2, "pick_ms": 0, "chosen": null, "plans": 0}
{"k": 5, "spec": "mcts:200+plan+learned+phased+pick", "ms": 1460, "decisions": 3, "search_decisions": 2, "pick_ms": 1123, "chosen": "bot", "plans": 4}
{"k": 5, "spec": "mcts:200+plan+learned+phased+pickd8i50", "ms": 773, "decisions": 3, "search_decisions": 2, "pick_ms": 678, "chosen": "second", "plans": 3}
{"k": 6, "spec": "mcts:200+plan+learned+phased", "ms": 862, "decisions": 7, "search_decisions": 6, "pick_ms": 0, "chosen": null, "plans": 0}
{"k": 6, "spec": "mcts:200+plan+learned+phased+pick", "ms": 1848, "decisions": 7, "search_decisions": 6, "pick_ms": 1728, "chosen": "second", "plans": 3}
{"k": 6, "spec": "mcts:200+plan+learned+phased+pickd8i50", "ms": 1298, "decisions": 7, "search_decisions": 6, "pick_ms": 1180, "chosen": "race", "plans": 3}
{"k": 8, "spec": "mcts:200+plan+learned+phased", "ms": 161, "decisions": 3, "search_decisions": 2, "pick_ms": 0, "chosen": null, "plans": 0}
{"k": 8, "spec": "mcts:200+plan+learned+phased+pick", "ms": 332, "decisions": 3, "search_decisions": 2, "pick_ms": 164, "chosen": "bot", "plans": 2}
{"k": 8, "spec": "mcts:200+plan+learned+phased+pickd8i50", "ms": 113, "decisions": 3, "search_decisions": 2, "pick_ms": 111, "chosen": "race", "plans": 3}
{"k": 9, "spec": "mcts:200+plan+learned+phased", "ms": 683, "decisions": 7, "search_decisions": 6, "pick_ms": 0, "chosen": null, "plans": 0}
{"k": 9, "spec": "mcts:200+plan+learned+phased+pick", "ms": 1147, "decisions": 7, "search_decisions": 6, "pick_ms": 1065, "chosen": "second", "plans": 3}
{"k": 9, "spec": "mcts:200+plan+learned+phased+pickd8i50", "ms": 721, "decisions": 7, "search_decisions": 6, "pick_ms": 640, "chosen": "third", "plans": 3}
{"k": 10, "spec": "mcts:200+plan+learned+phased", "ms": 186, "decisions": 3, "search_decisions": 2, "pick_ms": 0, "chosen": null, "plans": 0}
{"k": 10, "spec": "mcts:200+plan+learned+phased+pick", "ms": 374, "decisions": 3, "search_decisions": 2, "pick_ms": 187, "chosen": "bot", "plans": 2}
{"k": 10, "spec": "mcts:200+plan+learned+phased+pickd8i50", "ms": 307, "decisions": 3, "search_decisions": 2, "pick_ms": 121, "chosen": "bot", "plans": 2}
{"k": 11, "spec": "mcts:200+plan+learned+phased", "ms": 198, "decisions": 3, "search_decisions": 2, "pick_ms": 0, "chosen": null, "plans": 0}
{"k": 11, "spec": "mcts:200+plan+learned+phased+pick", "ms": 493, "decisions": 3, "search_decisions": 2, "pick_ms": 295, "chosen": "bot", "plans": 2}
{"k": 11, "spec": "mcts:200+plan+learned+phased+pickd8i50", "ms": 374, "decisions": 3, "search_decisions": 2, "pick_ms": 176, "chosen": "bot", "plans": 2}
{"k": 12, "spec": "mcts:200+plan+learned+phased", "ms": 288, "decisions": 2, "search_decisions": 1, "pick_ms": 0, "chosen": null, "plans": 0}
{"k": 12, "spec": "mcts:200+plan+learned+phased+pick", "ms": 1276, "decisions": 2, "search_decisions": 1, "pick_ms": 955, "chosen": "bot", "plans": 2}
{"k": 12, "spec": "mcts:200+plan+learned+phased+pickd8i50", "ms": 915, "decisions": 2, "search_decisions": 1, "pick_ms": 632, "chosen": "bot", "plans": 3}
{"k": 13, "spec": "mcts:200+plan+learned+phased", "ms": 98, "decisions": 2, "search_decisions": 1, "pick_ms": 0, "chosen": null, "plans": 0}
{"k": 13, "spec": "mcts:200+plan+learned+phased+pick", "ms": 298, "decisions": 2, "search_decisions": 1, "pick_ms": 200, "chosen": "bot", "plans": 3}
{"k": 13, "spec": "mcts:200+plan+learned+phased+pickd8i50", "ms": 228, "decisions": 2, "search_decisions": 1, "pick_ms": 128, "chosen": "bot", "plans": 3}
{"k": 14, "spec": "mcts:200+plan+learned+phased", "ms": 389, "decisions": 3, "search_decisions": 2, "pick_ms": 0, "chosen": null, "plans": 0}
{"k": 14, "spec": "mcts:200+plan+learned+phased+pick", "ms": 1838, "decisions": 3, "search_decisions": 2, "pick_ms": 1449, "chosen": "bot", "plans": 3}
{"k": 14, "spec": "mcts:200+plan+learned+phased+pickd8i50", "ms": 1466, "decisions": 3, "search_decisions": 2, "pick_ms": 1091, "chosen": "bot", "plans": 4}
{"k": 15, "spec": "mcts:200+plan+learned+phased", "ms": 188, "decisions": 2, "search_decisions": 2, "pick_ms": 0, "chosen": null, "plans": 0}
{"k": 15, "spec": "mcts:200+plan+learned+phased+pick", "ms": 350, "decisions": 2, "search_decisions": 2, "pick_ms": 179, "chosen": "bot", "plans": 2}
{"k": 15, "spec": "mcts:200+plan+learned+phased+pickd8i50", "ms": 279, "decisions": 2, "search_decisions": 2, "pick_ms": 109, "chosen": "bot", "plans": 2}
{"k": 16, "spec": "mcts:200+plan+learned+phased", "ms": 81, "decisions": 2, "search_decisions": 1, "pick_ms": 0, "chosen": null, "plans": 0}
{"k": 16, "spec": "mcts:200+plan+learned+phased+pick", "ms": 216, "decisions": 2, "search_decisions": 1, "pick_ms": 132, "chosen": "bot", "plans": 3}
{"k": 16, "spec": "mcts:200+plan+learned+phased+pickd8i50", "ms": 188, "decisions": 2, "search_decisions": 1, "pick_ms": 98, "chosen": "bot", "plans": 3}
{"k": 17, "spec": "mcts:200+plan+learned+phased", "ms": 565, "decisions": 3, "search_decisions": 3, "pick_ms": 0, "chosen": null, "plans": 0}
{"k": 17, "spec": "mcts:200+plan+learned+phased+pick", "ms": 1904, "decisions": 3, "search_decisions": 3, "pick_ms": 1362, "chosen": "bot", "plans": 3}
{"k": 17, "spec": "mcts:200+plan+learned+phased+pickd8i50", "ms": 1530, "decisions": 3, "search_decisions": 3, "pick_ms": 979, "chosen": "bot", "plans": 3}
{"k": 18, "spec": "mcts:200+plan+learned+phased", "ms": 358, "decisions": 4, "search_decisions": 3, "pick_ms": 0, "chosen": null, "plans": 0}
{"k": 18, "spec": "mcts:200+plan+learned+phased+pick", "ms": 878, "decisions": 4, "search_decisions": 3, "pick_ms": 523, "chosen": "bot", "plans": 2}
{"k": 18, "spec": "mcts:200+plan+learned+phased+pickd8i50", "ms": 667, "decisions": 4, "search_decisions": 3, "pick_ms": 323, "chosen": "bot", "plans": 3}
{"k": 20, "spec": "mcts:200+plan+learned+phased", "ms": 801, "decisions": 6, "search_decisions": 5, "pick_ms": 0, "chosen": null, "plans": 0}
{"k": 20, "spec": "mcts:200+plan+learned+phased+pick", "ms": 1726, "decisions": 6, "search_decisions": 5, "pick_ms": 1593, "chosen": "race", "plans": 2}
{"k": 20, "spec": "mcts:200+plan+learned+phased+pickd8i50", "ms": 1264, "decisions": 6, "search_decisions": 5, "pick_ms": 1134, "chosen": "third", "plans": 3}
{"k": 21, "spec": "mcts:200+plan+learned+phased", "ms": 0, "decisions": 1, "search_decisions": 0, "pick_ms": 0, "chosen": null, "plans": 0}
{"k": 21, "spec": "mcts:200+plan+learned+phased+pick", "ms": 0, "decisions": 1, "search_decisions": 0, "pick_ms": 0, "chosen": null, "plans": 0}
{"k": 21, "spec": "mcts:200+plan+learned+phased+pickd8i50", "ms": 0, "decisions": 1, "search_decisions": 0, "pick_ms": 0, "chosen": null, "plans": 0}
{"spec": "mcts:200+plan+learned+phased", "turns": 20, "ms_per_turn_mean": 342, "ms_per_turn_median": 356, "ms_per_search_decision": 137, "search_decisions_per_turn": 2.5, "pick_ms_per_turn": 0, "switched": 0, "chosen": {"null": 20}}
{"spec": "mcts:200+plan+learned+phased+pick", "turns": 20, "ms_per_turn_mean": 930, "ms_per_turn_median": 836, "ms_per_search_decision": 351, "search_decisions_per_turn": 2.65, "pick_ms_per_turn": 712, "switched": 4, "chosen": {"null": 2, "bot": 14, "second": 3, "race": 1}}
{"spec": "mcts:200+plan+learned+phased+pickd8i50", "turns": 20, "ms_per_turn_mean": 675, "ms_per_turn_median": 686, "ms_per_search_decision": 270, "search_decisions_per_turn": 2.5, "pick_ms_per_turn": 468, "switched": 5, "chosen": {"bot": 13, "race": 2, "null": 2, "third": 2, "second": 1}}
{"k": 0, "spec": "mcts:200+plan+learned+phased+pickd8i200", "ms": 26, "decisions": 3, "search_decisions": 3, "pick_ms": 0, "chosen": null, "plans": 0}
{"k": 1, "spec": "mcts:200+plan+learned+phased+pickd8i200", "ms": 1235, "decisions": 2, "search_decisions": 2, "pick_ms": 999, "chosen": "bot", "plans": 3}
{"k": 2, "spec": "mcts:200+plan+learned+phased+pickd8i200", "ms": 2080, "decisions": 4, "search_decisions": 3, "pick_ms": 1648, "chosen": "bot", "plans": 3}
{"k": 3, "spec": "mcts:200+plan+learned+phased+pickd8i200", "ms": 2494, "decisions": 5, "search_decisions": 4, "pick_ms": 2324, "chosen": "second", "plans": 3}
{"k": 4, "spec": "mcts:200+plan+learned+phased+pickd8i200", "ms": 1235, "decisions": 4, "search_decisions": 3, "pick_ms": 822, "chosen": "bot", "plans": 3}
{"k": 5, "spec": "mcts:200+plan+learned+phased+pickd8i200", "ms": 1661, "decisions": 3, "search_decisions": 2, "pick_ms": 1310, "chosen": "bot", "plans": 4}
{"k": 6, "spec": "mcts:200+plan+learned+phased+pickd8i200", "ms": 3229, "decisions": 7, "search_decisions": 6, "pick_ms": 3110, "chosen": "race", "plans": 2}
{"k": 8, "spec": "mcts:200+plan+learned+phased+pickd8i200", "ms": 484, "decisions": 3, "search_decisions": 2, "pick_ms": 321, "chosen": "bot", "plans": 2}
{"k": 9, "spec": "mcts:200+plan+learned+phased+pickd8i200", "ms": 2653, "decisions": 7, "search_decisions": 6, "pick_ms": 1915, "chosen": "bot", "plans": 2}
{"k": 10, "spec": "mcts:200+plan+learned+phased+pickd8i200", "ms": 523, "decisions": 3, "search_decisions": 2, "pick_ms": 328, "chosen": "bot", "plans": 2}
{"k": 11, "spec": "mcts:200+plan+learned+phased+pickd8i200", "ms": 817, "decisions": 3, "search_decisions": 2, "pick_ms": 600, "chosen": "bot", "plans": 2}
{"k": 12, "spec": "mcts:200+plan+learned+phased+pickd8i200", "ms": 1554, "decisions": 2, "search_decisions": 1, "pick_ms": 1260, "chosen": "bot", "plans": 3}
{"k": 13, "spec": "mcts:200+plan+learned+phased+pickd8i200", "ms": 428, "decisions": 2, "search_decisions": 1, "pick_ms": 331, "chosen": "bot", "plans": 3}
{"k": 14, "spec": "mcts:200+plan+learned+phased+pickd8i200", "ms": 2531, "decisions": 3, "search_decisions": 2, "pick_ms": 2152, "chosen": "bot", "plans": 3}
{"k": 15, "spec": "mcts:200+plan+learned+phased+pickd8i200", "ms": 478, "decisions": 2, "search_decisions": 2, "pick_ms": 303, "chosen": "bot", "plans": 2}
{"k": 16, "spec": "mcts:200+plan+learned+phased+pickd8i200", "ms": 340, "decisions": 2, "search_decisions": 1, "pick_ms": 253, "chosen": "bot", "plans": 3}
{"k": 17, "spec": "mcts:200+plan+learned+phased+pickd8i200", "ms": 2441, "decisions": 3, "search_decisions": 3, "pick_ms": 1811, "chosen": "bot", "plans": 3}
{"k": 18, "spec": "mcts:200+plan+learned+phased+pickd8i200", "ms": 1303, "decisions": 4, "search_decisions": 3, "pick_ms": 946, "chosen": "bot", "plans": 2}
{"k": 20, "spec": "mcts:200+plan+learned+phased+pickd8i200", "ms": 3800, "decisions": 6, "search_decisions": 5, "pick_ms": 2961, "chosen": "bot", "plans": 2}
{"k": 21, "spec": "mcts:200+plan+learned+phased+pickd8i200", "ms": 1, "decisions": 1, "search_decisions": 0, "pick_ms": 0, "chosen": null, "plans": 0}
{"spec": "mcts:200+plan+learned+phased+pickd8i200", "turns": 20, "ms_per_turn_mean": 1466, "ms_per_turn_median": 1269, "ms_per_search_decision": 553, "search_decisions_per_turn": 2.65, "pick_ms_per_turn": 1170, "switched": 2, "chosen": {"null": 2, "race": 1, "bot": 16, "second": 1}}
