1 54 len 2 steps 1 t=0.0
2 539 len 3 steps 1 t=0.0
3 5340 len 4 steps 1 t=0.0
4 52865 len 5 steps 1 t=0.0
5 523314 len 6 steps 1 t=0.0
6 5180279 len 7 steps 1 t=0.0
7 51279480 len 8 steps 1 t=0.0
8 507614525 len 9 steps 1 t=0.0
9 5024865774 len 10 steps 1 t=0.0
10 49741043219 len 11 steps 1 t=0.0
11 492385566420 len 12 steps 1 t=0.0
12 4874114620985 len 13 steps 1 t=0.0
100 199458739550315710707331526958 len 101 steps 1 t=0.0
200 722595900439453978300239309823 len 200 steps 1 t=0.0
300 261780875838829001491719370609 len 300 steps 1 t=0.1
400 948375529300230817086467520823 len 399 steps 1 t=0.1
500 343575955154660632505572830060 len 499 steps 1 t=0.2
600 124470142167773712733611549789 len 599 steps 1 t=0.4
700 450928420887070291192943035202 len 698 steps 1 t=0.8
800 163361620082050645741697322574 len 798 steps 1 t=1.2
900 591823838988310346660413897543 len 897 steps 1 t=1.6
1000 214404984609567911724659304151 len 997 steps 1 t=2.2
1100 776742915662392549108828537192 len 1096 steps 1 t=2.9
1200 281397169067864493876512504317 len 1196 steps 1 t=3.6
1300 101944111961267511169873617154 len 1296 steps 1 t=4.3
1400 369321482444091827179922367303 len 1395 steps 1 t=5.4
1500 133797190215874958495845142605 len 1495 steps 1 t=6.2
1600 484718299926487411166444653378 len 1594 steps 1 t=7.0
1700 175602962890731399195725623164 len 1694 steps 1 t=8.0
1800 636171578021301255760665510542 len 1793 steps 1 t=9.0
1900 230471211886068949455200319784 len 1893 steps 1 t=10.2
2000 834947384374577429296403466647 len 1992 steps 1 t=11.4
2100 302483389994309072092397434949 len 2092 steps 1 t=12.7
2200 109583194024836763314711540936 len 2192 steps 1 t=14.1
2300 396996225574929829894025772287 len 2291 steps 1 t=16.0
2400 143823151463370883153367986654 len 2391 steps 1 t=17.9
2500 521040190417416876036777109946 len 2490 steps 1 t=19.6
2600 188761598718937641642058399402 len 2590 steps 1 t=21.3
2700 683842471391400765137467504959 len 2689 steps 1 t=23.3
2800 247741346149015427673465364133 len 2789 steps 1 t=25.4
2900 897513347874492284458724132124 len 2888 steps 1 t=27.8
3000 325149686208759117899631854256 len 2988 steps 1 t=30.2
3100 117794703211966785608163974949 len 3088 steps 1 t=32.8
3200 426744748444464203872242207930 len 3187 steps 1 t=35.6
3300 154600398285504857351103456929 len 3287 steps 1 t=38.6
3400 560083826155091006461934963498 len 3386 steps 1 t=41.3
3500 202906264019591311099501958387 len 3486 steps 1 t=43.8
3600 735085536410179784708879569691 len 3585 steps 1 t=47.2
3700 266305600987887190708658851723 len 3685 steps 1 t=50.3
3800 964767630497180197363396606146 len 3784 steps 1 t=53.3
3900 349514459103501785345660324917 len 3884 steps 1 t=56.5
4000 126621533787840397249712173634 len 3984 steps 1 t=59.8
4100 458722447703868757753435264661 len 4083 steps 1 t=63.4
4200 166185227530102838510842449923 len 4183 steps 1 t=67.3
4300 602053158450635172634757458047 len 4282 steps 1 t=71.1
4400 218110845944311184972855376077 len 4382 steps 1 t=75.3
4500 790168450257265775977592628632 len 4481 steps 1 t=79.5
4600 286260950059028440027245633067 len 4581 steps 1 t=83.2
4700 103706154683874723527014771633 len 4681 steps 1 t=86.9
4800 375704982363051032819851886673 len 4780 steps 1 t=91.2
4900 136109794257339837771403935178 len 4880 steps 1 t=95.2
5000 493096364499991278774115677560 len 4979 steps 1 t=98.8
5100 178638154594078014848964348118 len 5079 steps 1 t=102.4
5200 647167421506679564486276821304 len 5178 steps 1 t=106.6
5300 234454768305968960040786620025 len 5278 steps 1 t=111.1
5400 849378948239257730172064743592 len 5377 steps 1 t=116.2
5500 307711633644629303072688687649 len 5477 steps 1 t=121.7
5600 111477273691006009019621614505 len 5577 steps 1 t=126.8
5700 403858066800665481747689156237 len 5676 steps 1 t=131.7
5800 146309048220946764313177416309 len 5776 steps 1 t=136.8
5900 530046057044218286786006144282 len 5875 steps 1 t=142.4
6000 192024229536269953899702488530 len 5975 steps 1 t=147.8
6100 695662277625847724109580439963 len 6074 steps 1 t=153.0
6200 252023406462970997974910777359 len 6174 steps 1 t=158.1
6300 913026326825801809610679449235 len 6273 steps 1 t=163.3
6400 330769703170207954963582653922 len 6373 steps 1 t=169.1
6500 119830713880588650280084362759 len 6473 steps 1 t=174.1
6600 434120775013738803301077534608 len 6572 steps 1 t=179.4
6700 157272573278942932247812999343 len 6672 steps 1 t=185.0
6800 569764538566432028852714225586 len 6771 steps 1 t=190.3
6900 206413376877889372841423639885 len 6871 steps 1 t=195.8
7000 747791048234320176578018218397 len 6970 steps 1 t=201.6
7100 270908533292486888534411660038 len 7070 steps 1 t=207.0
7200 981443059314201442255766836319 len 7169 steps 1 t=213.7
7300 355555606524976309928040215675 len 7269 steps 1 t=220.2
7400 128810110919406332743562320564 len 7369 steps 1 t=227.5
7500 466651189591190993697519131635 len 7468 steps 1 t=234.3
7600 169057639336343272724844871615 len 7568 steps 1 t=241.0
7700 612459285553627484946692650992 len 7667 steps 1 t=247.8
7800 221880760865576029864014262996 len 7767 steps 1 t=255.0
7900 803826037150941661517760644115 len 7866 steps 1 t=262.6
8000 291208798582244574442565831823 len 7966 steps 1 t=269.9
done 8000
